Archive member included to satisfy reference by file (symbol)

/home/buu/Workspace/Tools/gcc-arm-none-eabi-10.3-2021.10/arm-none-eabi/lib/thumb/v7-m/nofp/libc.a(lib_a-atof.o)
                              build_ak-base-kit-stm32l151-application/WString.o (atof)
/home/buu/Workspace/Tools/gcc-arm-none-eabi-10.3-2021.10/arm-none-eabi/lib/thumb/v7-m/nofp/libc.a(lib_a-atol.o)
                              build_ak-base-kit-stm32l151-application/WString.o (atol)
/home/buu/Workspace/Tools/gcc-arm-none-eabi-10.3-2021.10/arm-none-eabi/lib/thumb/v7-m/nofp/libc.a(lib_a-isspace.o)
                              build_ak-base-kit-stm32l151-application/WString.o (isspace)
/home/buu/Workspace/Tools/gcc-arm-none-eabi-10.3-2021.10/arm-none-eabi/lib/thumb/v7-m/nofp/libc.a(lib_a-malloc.o)
                              build_ak-base-kit-stm32l151-application/message.o (malloc)
/home/buu/Workspace/Tools/gcc-arm-none-eabi-10.3-2021.10/arm-none-eabi/lib/thumb/v7-m/nofp/libc.a(lib_a-mallocr.o)
                              /home/buu/Workspace/Tools/gcc-arm-none-eabi-10.3-2021.10/arm-none-eabi/lib/thumb/v7-m/nofp/libc.a(lib_a-malloc.o) (_malloc_r)
/home/buu/Workspace/Tools/gcc-arm-none-eabi-10.3-2021.10/arm-none-eabi/lib/thumb/v7-m/nofp/libc.a(lib_a-memcmp.o)
                              build_ak-base-kit-stm32l151-application/mbmfuncfiles.o (memcmp)
/home/buu/Workspace/Tools/gcc-arm-none-eabi-10.3-2021.10/arm-none-eabi/lib/thumb/v7-m/nofp/libc.a(lib_a-memcpy.o)
                              build_ak-base-kit-stm32l151-application/message.o (memcpy)
/home/buu/Workspace/Tools/gcc-arm-none-eabi-10.3-2021.10/arm-none-eabi/lib/thumb/v7-m/nofp/libc.a(lib_a-memmove.o)
                              build_ak-base-kit-stm32l151-application/WString.o (memmove)
/home/buu/Workspace/Tools/gcc-arm-none-eabi-10.3-2021.10/arm-none-eabi/lib/thumb/v7-m/nofp/libc.a(lib_a-memset.o)
                              build_ak-base-kit-stm32l151-application/task.o (memset)
/home/buu/Workspace/Tools/gcc-arm-none-eabi-10.3-2021.10/arm-none-eabi/lib/thumb/v7-m/nofp/libc.a(lib_a-mlock.o)
                              /home/buu/Workspace/Tools/gcc-arm-none-eabi-10.3-2021.10/arm-none-eabi/lib/thumb/v7-m/nofp/libc.a(lib_a-mallocr.o) (__malloc_lock)
/home/buu/Workspace/Tools/gcc-arm-none-eabi-10.3-2021.10/arm-none-eabi/lib/thumb/v7-m/nofp/libc.a(lib_a-rand.o)
                              build_ak-base-kit-stm32l151-application/WMath.o (srand)
/home/buu/Workspace/Tools/gcc-arm-none-eabi-10.3-2021.10/arm-none-eabi/lib/thumb/v7-m/nofp/libc.a(lib_a-realloc.o)
                              build_ak-base-kit-stm32l151-application/WString.o (realloc)
/home/buu/Workspace/Tools/gcc-arm-none-eabi-10.3-2021.10/arm-none-eabi/lib/thumb/v7-m/nofp/libc.a(lib_a-reallocr.o)
                              /home/buu/Workspace/Tools/gcc-arm-none-eabi-10.3-2021.10/arm-none-eabi/lib/thumb/v7-m/nofp/libc.a(lib_a-realloc.o) (_realloc_r)
/home/buu/Workspace/Tools/gcc-arm-none-eabi-10.3-2021.10/arm-none-eabi/lib/thumb/v7-m/nofp/libc.a(lib_a-sbrkr.o)
                              /home/buu/Workspace/Tools/gcc-arm-none-eabi-10.3-2021.10/arm-none-eabi/lib/thumb/v7-m/nofp/libc.a(lib_a-mallocr.o) (_sbrk_r)
/home/buu/Workspace/Tools/gcc-arm-none-eabi-10.3-2021.10/arm-none-eabi/lib/thumb/v7-m/nofp/libc.a(lib_a-strcat.o)
                              build_ak-base-kit-stm32l151-application/dtostrf.o (strcat)
/home/buu/Workspace/Tools/gcc-arm-none-eabi-10.3-2021.10/arm-none-eabi/lib/thumb/v7-m/nofp/libc.a(lib_a-strchr.o)
                              build_ak-base-kit-stm32l151-application/WString.o (strchr)
/home/buu/Workspace/Tools/gcc-arm-none-eabi-10.3-2021.10/arm-none-eabi/lib/thumb/v7-m/nofp/libc.a(lib_a-strcmp.o)
                              build_ak-base-kit-stm32l151-application/cmd_line.o (strcmp)
/home/buu/Workspace/Tools/gcc-arm-none-eabi-10.3-2021.10/arm-none-eabi/lib/thumb/v7-m/nofp/libc.a(lib_a-strcpy.o)
                              build_ak-base-kit-stm32l151-application/sys_dbg.o (strcpy)
/home/buu/Workspace/Tools/gcc-arm-none-eabi-10.3-2021.10/arm-none-eabi/lib/thumb/v7-m/nofp/libc.a(lib_a-strlen-stub.o)
                              build_ak-base-kit-stm32l151-application/xprintf.o (strlen)
/home/buu/Workspace/Tools/gcc-arm-none-eabi-10.3-2021.10/arm-none-eabi/lib/thumb/v7-m/nofp/libc.a(lib_a-strncmp.o)
                              build_ak-base-kit-stm32l151-application/WString.o (strncmp)
/home/buu/Workspace/Tools/gcc-arm-none-eabi-10.3-2021.10/arm-none-eabi/lib/thumb/v7-m/nofp/libc.a(lib_a-strncpy.o)
                              build_ak-base-kit-stm32l151-application/WString.o (strncpy)
/home/buu/Workspace/Tools/gcc-arm-none-eabi-10.3-2021.10/arm-none-eabi/lib/thumb/v7-m/nofp/libc.a(lib_a-strrchr.o)
                              build_ak-base-kit-stm32l151-application/WString.o (strrchr)
/home/buu/Workspace/Tools/gcc-arm-none-eabi-10.3-2021.10/arm-none-eabi/lib/thumb/v7-m/nofp/libc.a(lib_a-strstr.o)
[...]
Memory Configuration

Name             Origin             Length             Attributes
BSF              0x0000000008002000 0x0000000000001000 xr
FLASH            0x0000000008003000 0x000000000001d000 xr
SRAM             0x0000000020000000 0x0000000000004000 xrw
*default*        0x0000000000000000 0xffffffffffffffff

Linker script and memory map

                0x0000000000000800                HEAP_SIZE = 0x800

.start_boot_share_data_flash
                0x0000000008002000        0x0
                0x0000000008002000                _start_boot_share_data_flash = .

.start_flash    0x0000000008003000        0x0
                0x0000000008003000                _start_flash = .

.isr_vector     0x0000000008003000       0xf4
                0x0000000008003000                _isr_vector = .
 *(.isr_vector)
 .isr_vector    0x0000000008003000       0xf4 build_ak-base-kit-stm32l151-application/system.o
                0x0000000008003000                isr_vector
                0x00000000080030f4                . = ALIGN (0x4)

.text           0x00000000080030f8     0xf3d8
                0x00000000080030f8                . = ALIGN (0x4)
 *(.text)
 .text          0x00000000080030f8       0xec /home/buu/Workspace/Tools/gcc-arm-none-eabi-10.3-2021.10/arm-none-eabi/lib/thumb/v7-m/nofp/libc.a(lib_a-memcpy.o)
                0x00000000080030f8                memcpy
 .text          0x00000000080031e4      0x1bc /home/buu/Workspace/Tools/gcc-arm-none-eabi-10.3-2021.10/arm-none-eabi/lib/thumb/v7-m/nofp/libc.a(lib_a-strcmp.o)
                0x00000000080031e4                strcmp
 .text          0x00000000080033a0      0x378 /home/buu/Workspace/Tools/gcc-arm-none-eabi-10.3-2021.10/lib/gcc/arm-none-eabi/10.3.1/thumb/v7-m/nofp/libgcc.a(_arm_addsubdf3.o)
                0x00000000080033a0                __aeabi_drsub
                0x00000000080033a8                __aeabi_dsub
                0x00000000080033a8                __subdf3
                0x00000000080033ac                __adddf3
                0x00000000080033ac                __aeabi_dadd
                0x0000000008003624                __aeabi_ui2d
                0x0000000008003624                __floatunsidf
                0x0000000008003644                __floatsidf
                0x0000000008003644                __aeabi_i2d
                0x0000000008003668                __extendsfdf2
                0x0000000008003668                __aeabi_f2d
                0x00000000080036ac                __aeabi_ul2d
                0x00000000080036ac                __floatundidf
                0x00000000080036bc                __floatdidf
                0x00000000080036bc                __aeabi_l2d
 .text          0x0000000008003718      0x424 /home/buu/Workspace/Tools/gcc-arm-none-eabi-10.3-2021.10/lib/gcc/arm-none-eabi/10.3.1/thumb/v7-m/nofp/libgcc.a(_arm_muldivdf3.o)
                0x0000000008003718                __aeabi_dmul
                0x0000000008003718                __muldf3
                0x000000000800396c                __aeabi_ddiv
                0x000000000800396c                __divdf3
 .text          0x0000000008003b3c      0x110 /home/buu/Workspace/Tools/gcc-arm-none-eabi-10.3-2021.10/lib/gcc/arm-none-eabi/10.3.1/thumb/v7-m/nofp/libgcc.a(_arm_cmpdf2.o)
                0x0000000008003b3c                __gtdf2
                0x0000000008003b3c                __gedf2
                0x0000000008003b44                __ltdf2
                0x0000000008003b44                __ledf2
                0x0000000008003b4c                __cmpdf2
                0x0000000008003b4c                __eqdf2
                0x0000000008003b4c                __nedf2
                0x0000000008003bc8                __aeabi_cdrcmple
                0x0000000008003bd8                __aeabi_cdcmple
                0x0000000008003bd8                __aeabi_cdcmpeq
                0x0000000008003be8                __aeabi_dcmpeq
                0x0000000008003bfc                __aeabi_dcmplt
                0x0000000008003c10                __aeabi_dcmple
                0x0000000008003c24                __aeabi_dcmpge
                0x0000000008003c38                __aeabi_dcmpgt
 .text          0x0000000008003c4c       0x2c /home/buu/Workspace/Tools/gcc-arm-none-eabi-10.3-2021.10/lib/gcc/arm-none-eabi/10.3.1/thumb/v7-m/nofp/libgcc.a(_arm_unorddf2.o)
                0x0000000008003c4c                __aeabi_dcmpun
                0x0000000008003c4c                __unorddf2
 .text          0x0000000008003c78       0x50 /home/buu/Workspace/Tools/gcc-arm-none-eabi-10.3-2021.10/lib/gcc/arm-none-eabi/10.3.1/thumb/v7-m/nofp/libgcc.a(_arm_fixdfsi.o)
                0x0000000008003c78                __fixdfsi
                0x0000000008003c78                __aeabi_d2iz
 .text          0x0000000008003cc8       0x40 /home/buu/Workspace/Tools/gcc-arm-none-eabi-10.3-2021.10/lib/gcc/arm-none-eabi/10.3.1/thumb/v7-m/nofp/libgcc.a(_arm_fixunsdfsi.o)
                0x0000000008003cc8                __fixunsdfsi
                0x0000000008003cc8                __aeabi_d2uiz
 .text          0x0000000008003d08      0x21c /home/buu/Workspace/Tools/gcc-arm-none-eabi-10.3-2021.10/lib/gcc/arm-none-eabi/10.3.1/thumb/v7-m/nofp/libgcc.a(_arm_addsubsf3.o)
                0x0000000008003d08                __aeabi_frsub
                0x0000000008003d10                __subsf3
                0x0000000008003d10                __aeabi_fsub
                0x0000000008003d14                __aeabi_fadd
                0x0000000008003d14                __addsf3
                0x0000000008003e74                __aeabi_ui2f
                0x0000000008003e74                __floatunsisf
                0x0000000008003e7c                __aeabi_i2f
                0x0000000008003e7c                __floatsisf
                0x0000000008003e98                __floatundisf
                0x0000000008003e98                __aeabi_ul2f
                0x0000000008003ea8                __floatdisf
                0x0000000008003ea8                __aeabi_l2f
 .text          0x0000000008003f24       0xec /home/buu/Workspace/Tools/gcc-arm-none-eabi-10.3-2021.10/lib/gcc/arm-none-eabi/10.3.1/thumb/v7-m/nofp/libgcc.a(_arm_cmpsf2.o)
                0x0000000008003f24                __gtsf2
                0x0000000008003f24                __gesf2
                0x0000000008003f2c                __lesf2
                0x0000000008003f2c                __ltsf2
                0x0000000008003f34                __nesf2
                0x0000000008003f34                __eqsf2
                0x0000000008003f34                __cmpsf2
                0x0000000008003f94                __aeabi_cfrcmple
                0x0000000008003f9c                __aeabi_cfcmple
                0x0000000008003f9c                __aeabi_cfcmpeq
                0x0000000008003fac                __aeabi_fcmpeq
                0x0000000008003fc0                __aeabi_fcmplt
                0x0000000008003fd4                __aeabi_fcmple
                0x0000000008003fe8                __aeabi_fcmpge
                0x0000000008003ffc                __aeabi_fcmpgt
 .text          0x0000000008004010       0x4c /home/buu/Workspace/Tools/gcc-arm-none-eabi-10.3-2021.10/lib/gcc/arm-none-eabi/10.3.1/thumb/v7-m/nofp/libgcc.a(_arm_fixsfsi.o)
                0x0000000008004010                __fixsfsi
                0x0000000008004010                __aeabi_f2iz
 .text          0x000000000800405c       0x30 /home/buu/Workspace/Tools/gcc-arm-none-eabi-10.3-2021.10/lib/gcc/arm-none-eabi/10.3.1/thumb/v7-m/nofp/libgcc.a(_aeabi_uldivmod.o)
                0x000000000800405c                __aeabi_uldivmod
 .text          0x000000000800408c      0x2d4 /home/buu/Workspace/Tools/gcc-arm-none-eabi-10.3-2021.10/lib/gcc/arm-none-eabi/10.3.1/thumb/v7-m/nofp/libgcc.a(_udivmoddi4.o)
                0x000000000800408c                __udivmoddi4
 .text          0x0000000008004360        0x4 /home/buu/Workspace/Tools/gcc-arm-none-eabi-10.3-2021.10/lib/gcc/arm-none-eabi/10.3.1/thumb/v7-m/nofp/libgcc.a(_dvmd_tls.o)
                0x0000000008004360                __aeabi_ldiv0
                0x0000000008004360                __aeabi_idiv0
 *(.text*)
 .text.fsm_dispatch
                0x0000000008004364        0x6 build_ak-base-kit-stm32l151-application/fsm.o
                0x0000000008004364                fsm_dispatch
 *fill*         0x000000000800436a        0x2 
 .text.task_create
                0x000000000800436c       0x3c build_ak-base-kit-stm32l151-application/task.o
                0x000000000800436c                task_create
 .text.task_polling_create
                0x00000000080043a8       0x34 build_ak-base-kit-stm32l151-application/task.o
                0x00000000080043a8                task_polling_create
 .text.task_post
                0x00000000080043dc       0x84 build_ak-base-kit-stm32l151-application/task.o
                0x00000000080043dc                task_post
 .text.task_remove_msg
                0x0000000008004460       0xb4 build_ak-base-kit-stm32l151-application/task.o
                0x0000000008004460                task_remove_msg
 .text.task_post_pure_msg
                0x0000000008004514       0x18 build_ak-base-kit-stm32l151-application/task.o
                0x0000000008004514                task_post_pure_msg
 .text.task_post_common_msg
                0x000000000800452c       0x2a build_ak-base-kit-stm32l151-application/task.o
                0x000000000800452c                task_post_common_msg
 *fill*         0x0000000008004556        0x2 
 .text.task_entry_interrupt
                0x0000000008004558       0x1c build_ak-base-kit-stm32l151-application/task.o
                0x0000000008004558                task_entry_interrupt
 .text.task_exit_interrupt
                0x0000000008004574       0x24 build_ak-base-kit-stm32l151-application/task.o
                0x0000000008004574                task_exit_interrupt
 .text.task_init
                0x0000000008004598       0x40 build_ak-base-kit-stm32l151-application/task.o
                0x0000000008004598                task_init
 .text.task_polling_run
                0x00000000080045d8       0x34 build_ak-base-kit-stm32l151-application/task.o
                0x00000000080045d8                task_polling_run
 .text.task_run
                0x000000000800460c      0x138 build_ak-base-kit-stm32l151-application/task.o
                0x000000000800460c                task_run
 .text.get_current_task_id
                0x0000000008004744        0xc build_ak-base-kit-stm32l151-application/task.o
                0x0000000008004744                get_current_task_id
 .text.get_current_task_info
                0x0000000008004750        0x8 build_ak-base-kit-stm32l151-application/task.o
                0x0000000008004750                get_current_task_info
 .text.get_current_active_object
                0x0000000008004758        0x8 build_ak-base-kit-stm32l151-application/task.o
                0x0000000008004758                get_current_active_object
 .text.timer_remove_msg
                0x0000000008004760       0x64 build_ak-base-kit-stm32l151-application/timer.o
 .text.task_timer_tick
                0x00000000080047c4       0x7c build_ak-base-kit-stm32l151-application/timer.o
                0x00000000080047c4                task_timer_tick
 .text.timer_init
                0x0000000008004840       0x6c build_ak-base-kit-stm32l151-application/timer.o
                0x0000000008004840                timer_init
 .text.timer_tick
                0x00000000080048ac       0x38 build_ak-base-kit-stm32l151-application/timer.o
                0x00000000080048ac                timer_tick
 .text.timer_set
                0x00000000080048e4       0x98 build_ak-base-kit-stm32l151-application/timer.o
                0x00000000080048e4                timer_set
 .text.timer_remove_attr
                0x000000000800497c       0x18 build_ak-base-kit-stm32l151-application/timer.o
                0x000000000800497c                timer_remove_attr
 .text.free_common_msg
                0x0000000008004994       0x28 build_ak-base-kit-stm32l151-application/message.o
 .text.free_pure_msg
                0x00000000080049bc       0x28 build_ak-base-kit-stm32l151-application/message.o
 .text.free_dynamic_msg
                0x00000000080049e4       0x30 build_ak-base-kit-stm32l151-application/message.o
 .text.msg_init
                0x0000000008004a14      0x100 build_ak-base-kit-stm32l151-application/message.o
                0x0000000008004a14                msg_init
 .text.msg_force_free
                0x0000000008004b14       0x44 build_ak-base-kit-stm32l151-application/message.o
                0x0000000008004b14                msg_force_free
 .text.msg_inc_ref_count
                0x0000000008004b58       0x2c build_ak-base-kit-stm32l151-application/message.o
                0x0000000008004b58                msg_inc_ref_count
 .text.msg_dec_ref_count
                0x0000000008004b84       0x28 build_ak-base-kit-stm32l151-application/message.o
                0x0000000008004b84                msg_dec_ref_count
 .text.msg_free
                0x0000000008004bac       0x58 build_ak-base-kit-stm32l151-application/message.o
                0x0000000008004bac                msg_free
 .text.ak_malloc
                0x0000000008004c04       0x50 build_ak-base-kit-stm32l151-application/message.o
                0x0000000008004c04                ak_malloc
 .text.ak_free  0x0000000008004c54        0x4 build_ak-base-kit-stm32l151-application/message.o
                0x0000000008004c54                ak_free
 .text.get_pure_msg
                0x0000000008004c58       0x5c build_ak-base-kit-stm32l151-application/message.o
                0x0000000008004c58                get_pure_msg
 .text.get_common_msg
                0x0000000008004cb4       0x60 build_ak-base-kit-stm32l151-application/message.o
                0x0000000008004cb4                get_common_msg
 .text.set_data_common_msg
                0x0000000008004d14       0x4c build_ak-base-kit-stm32l151-application/message.o
                0x0000000008004d14                set_data_common_msg
 .text.get_data_common_msg
                0x0000000008004d60       0x28 build_ak-base-kit-stm32l151-application/message.o
                0x0000000008004d60                get_data_common_msg
 .text.get_data_len_common_msg
                0x0000000008004d88       0x28 build_ak-base-kit-stm32l151-application/message.o
                0x0000000008004d88                get_data_len_common_msg
 .text.get_dynamic_msg
                0x0000000008004db0       0x64 build_ak-base-kit-stm32l151-application/message.o
                0x0000000008004db0                get_dynamic_msg
 .text.set_data_dynamic_msg
                0x0000000008004e14       0x3c build_ak-base-kit-stm32l151-application/message.o
                0x0000000008004e14                set_data_dynamic_msg
 .text.get_data_dynamic_msg
                0x0000000008004e50       0x28 build_ak-base-kit-stm32l151-application/message.o
                0x0000000008004e50                get_data_dynamic_msg
 .text.get_data_len_dynamic_msg
                0x0000000008004e78        0x4 build_ak-base-kit-stm32l151-application/message.o
                0x0000000008004e78                get_data_len_dynamic_msg
 .text.log_queue_init
                0x0000000008004e7c       0x2e build_ak-base-kit-stm32l151-application/log_queue.o
                0x0000000008004e7c                log_queue_init
 .text.log_queue_len
                0x0000000008004eaa        0x4 build_ak-base-kit-stm32l151-application/log_queue.o
                0x0000000008004eaa                log_queue_len
 .text.log_queue_put
                0x0000000008004eae       0x5c build_ak-base-kit-stm32l151-application/log_queue.o
                0x0000000008004eae                log_queue_put
 .text.log_queue_get
                0x0000000008004f0a       0x30 build_ak-base-kit-stm32l151-application/log_queue.o
                0x0000000008004f0a                log_queue_get
 .text.fifo_init
                0x0000000008004f3a       0x12 build_ak-base-kit-stm32l151-application/fifo.o
                0x0000000008004f3a                fifo_init
 .text.fifo_availble
                0x0000000008004f4c        0x4 build_ak-base-kit-stm32l151-application/fifo.o
                0x0000000008004f4c                fifo_availble
 .text.fifo_is_full
                0x0000000008004f50        0xc build_ak-base-kit-stm32l151-application/fifo.o
                0x0000000008004f50                fifo_is_full
 .text.fifo_put
                0x0000000008004f5c       0x54 build_ak-base-kit-stm32l151-application/fifo.o
                0x0000000008004f5c                fifo_put
 .text.fifo_get
                0x0000000008004fb0       0x50 build_ak-base-kit-stm32l151-application/fifo.o
                0x0000000008004fb0                fifo_get
 .text.ring_buffer_char_init
                0x0000000008005000        0xc build_ak-base-kit-stm32l151-application/ring_buffer.o
                0x0000000008005000                ring_buffer_char_init
 .text.ring_buffer_char_is_empty
                0x000000000800500c        0xa build_ak-base-kit-stm32l151-application/ring_buffer.o
                0x000000000800500c                ring_buffer_char_is_empty
 .text.ring_buffer_char_put
                0x0000000008005016       0x36 build_ak-base-kit-stm32l151-application/ring_buffer.o
                0x0000000008005016                ring_buffer_char_put
 .text.ring_buffer_char_get
                0x000000000800504c       0x26 build_ak-base-kit-stm32l151-application/ring_buffer.o
                0x000000000800504c                ring_buffer_char_get
 .text.mem_read
                0x0000000008005072       0x18 build_ak-base-kit-stm32l151-application/utils.o
                0x0000000008005072                mem_read
 .text.mem_write
                0x000000000800508a       0x1a build_ak-base-kit-stm32l151-application/utils.o
                0x000000000800508a                mem_write
 *fill*         0x00000000080050a4        0x4 
 .text.ilog10   0x00000000080050a8       0xd8 build_ak-base-kit-stm32l151-application/xprintf.o
 .text.i10x     0x0000000008005180       0x78 build_ak-base-kit-stm32l151-application/xprintf.o
 .text.xfputc   0x00000000080051f8       0x30 build_ak-base-kit-stm32l151-application/xprintf.o
                0x00000000080051f8                xfputc
 .text.xputc    0x0000000008005228       0x10 build_ak-base-kit-stm32l151-application/xprintf.o
                0x0000000008005228                xputc
 .text.xvfprintf
                0x0000000008005238      0x580 build_ak-base-kit-stm32l151-application/xprintf.o
 .text.xprintf  0x00000000080057b8       0x24 build_ak-base-kit-stm32l151-application/xprintf.o
                0x00000000080057b8                xprintf
 .text.cmd_line_parser
                0x00000000080057dc       0x7c build_ak-base-kit-stm32l151-application/cmd_line.o
                0x00000000080057dc                cmd_line_parser
 .text.button_init
                0x0000000008005858       0x34 build_ak-base-kit-stm32l151-application/button.o
                0x0000000008005858                button_init
 .text.button_enable
                0x000000000800588c        0x6 build_ak-base-kit-stm32l151-application/button.o
                0x000000000800588c                button_enable
 .text.button_timer_polling
                0x0000000008005892       0x76 build_ak-base-kit-stm32l151-application/button.o
                0x0000000008005892                button_timer_polling
 .text.flash_wait_to_idle
                0x0000000008005908       0x32 build_ak-base-kit-stm32l151-application/flash.o
 .text.flash_set_write_enable.constprop.0
                0x000000000800593a       0x14 build_ak-base-kit-stm32l151-application/flash.o
 .text.flash_is_connected
                0x000000000800594e       0x22 build_ak-base-kit-stm32l151-application/flash.o
                0x000000000800594e                flash_is_connected
 .text.flash_read
                0x0000000008005970       0x5e build_ak-base-kit-stm32l151-application/flash.o
                0x0000000008005970                flash_read
 .text.flash_write
                0x00000000080059ce       0x6c build_ak-base-kit-stm32l151-application/flash.o
                0x00000000080059ce                flash_write
 .text.flash_erase_sector
                0x0000000008005a3a       0x48 build_ak-base-kit-stm32l151-application/flash.o
                0x0000000008005a3a                flash_erase_sector
 .text.flash_erase_block_64k
                0x0000000008005a82       0x46 build_ak-base-kit-stm32l151-application/flash.o
                0x0000000008005a82                flash_erase_block_64k
 .text.led_init
                0x0000000008005ac8       0x20 build_ak-base-kit-stm32l151-application/led.o
                0x0000000008005ac8                led_init
 .text.led_on   0x0000000008005ae8        0xc build_ak-base-kit-stm32l151-application/led.o
                0x0000000008005ae8                led_on
 .text.led_off  0x0000000008005af4        0xc build_ak-base-kit-stm32l151-application/led.o
                0x0000000008005af4                led_off
 .text.led_toggle
                0x0000000008005b00       0x12 build_ak-base-kit-stm32l151-application/led.o
                0x0000000008005b00                led_toggle
 *fill*         0x0000000008005b12        0x2 
 .text.BUZZER_Init
                0x0000000008005b14       0xe0 build_ak-base-kit-stm32l151-application/buzzer.o
                0x0000000008005b14                BUZZER_Init
 .text.BUZZER_Disable
                0x0000000008005bf4       0x38 build_ak-base-kit-stm32l151-application/buzzer.o
                0x0000000008005bf4                BUZZER_Disable
 .text.BUZZER_Enable
                0x0000000008005c2c       0x84 build_ak-base-kit-stm32l151-application/buzzer.o
                0x0000000008005c2c                BUZZER_Enable
 .text.buzzer_irq
                0x0000000008005cb0       0x98 build_ak-base-kit-stm32l151-application/buzzer.o
                0x0000000008005cb0                buzzer_irq
 .text.BUZZER_PlayTones
                0x0000000008005d48       0x1c build_ak-base-kit-stm32l151-application/buzzer.o
                0x0000000008005d48                BUZZER_PlayTones
 .text.sys_dbg_cpu_dump
                0x0000000008005d64       0x4c build_ak-base-kit-stm32l151-application/sys_dbg.o
                0x0000000008005d64                sys_dbg_cpu_dump
 .text.sys_dbg_stack_space_dump
                0x0000000008005db0       0x30 build_ak-base-kit-stm32l151-application/sys_dbg.o
                0x0000000008005db0                sys_dbg_stack_space_dump
 .text.sys_dbg_fatal
                0x0000000008005de0      0x3cc build_ak-base-kit-stm32l151-application/sys_dbg.o
                0x0000000008005de0                sys_dbg_fatal
 .text.sys_boot_init
                0x00000000080061ac       0x14 build_ak-base-kit-stm32l151-application/sys_boot.o
                0x00000000080061ac                sys_boot_init
 .text.sys_boot_get
                0x00000000080061c0        0xc build_ak-base-kit-stm32l151-application/sys_boot.o
                0x00000000080061c0                sys_boot_get
 .text.sys_boot_set
                0x00000000080061cc       0x34 build_ak-base-kit-stm32l151-application/sys_boot.o
                0x00000000080061cc                sys_boot_set
 .text.eMBExceptionToErrorcode
                0x0000000008006200       0x14 build_ak-base-kit-stm32l151-application/mbutils.o
                0x0000000008006200                eMBExceptionToErrorcode
 .text.eMBMReleaseHdl
                0x0000000008006214       0x58 build_ak-base-kit-stm32l151-application/mbm.o
 .text.bMBMResponseTimeoutCB
                0x000000000800626c       0x18 build_ak-base-kit-stm32l151-application/mbm.o
 .text.bMBMIsHdlValid
                0x0000000008006284       0x18 build_ak-base-kit-stm32l151-application/mbm.o
                0x0000000008006284                bMBMIsHdlValid
 .text.vMBMMasterTransactionPolled
                0x000000000800629c       0xae build_ak-base-kit-stm32l151-application/mbm.o
                0x000000000800629c                vMBMMasterTransactionPolled
 *fill*         0x000000000800634a        0x2 
 .text.eMBMSerialInitExt
                0x000000000800634c       0xcc build_ak-base-kit-stm32l151-application/mbm.o
                0x000000000800634c                eMBMSerialInitExt
 .text.usMBMCRC16
                0x0000000008006418       0x2c build_ak-base-kit-stm32l151-application/mbmcrc.o
                0x0000000008006418                usMBMCRC16
 .text.bMBMSerialWaitCB
                0x0000000008006444       0x3c build_ak-base-kit-stm32l151-application/mbmrtu.o
 .text.bMBMSerialRTUT35CB
                0x0000000008006480       0x58 build_ak-base-kit-stm32l151-application/mbmrtu.o
 .text.bMBMSerialRTUTransmitterEmptyAPIV1CB
                0x00000000080064d8       0xb2 build_ak-base-kit-stm32l151-application/mbmrtu.o
 .text.bMBMSerialRTUReceiverAPIV1CB
                0x000000000800658a       0xa0 build_ak-base-kit-stm32l151-application/mbmrtu.o
 *fill*         0x000000000800662a        0x2 
 .text.eMBMSerialRTUFrameCloseInternal
                0x000000000800662c       0x90 build_ak-base-kit-stm32l151-application/mbmrtu.o
 .text.eMBMSerialRTUFrameReceive
                0x00000000080066bc       0xc4 build_ak-base-kit-stm32l151-application/mbmrtu.o
 .text.eMBMSerialRTUFrameSend
                0x0000000008006780       0xd0 build_ak-base-kit-stm32l151-application/mbmrtu.o
 .text.eMBMSerialRTUFrameClose
                0x0000000008006850       0x18 build_ak-base-kit-stm32l151-application/mbmrtu.o
 .text.eMBMSerialRTUInit
                0x0000000008006868      0x118 build_ak-base-kit-stm32l151-application/mbmrtu.o
                0x0000000008006868                eMBMSerialRTUInit
 .text.vMBMReadHoldingRegistersPolled
                0x0000000008006980      0x136 build_ak-base-kit-stm32l151-application/mbmfuncholding.o
                0x0000000008006980                vMBMReadHoldingRegistersPolled
 .text.eMBMReadHoldingRegisters
                0x0000000008006ab6       0x42 build_ak-base-kit-stm32l151-application/mbmfuncholding.o
                0x0000000008006ab6                eMBMReadHoldingRegisters
 .text.vMBMReadCoilsPolled
                0x0000000008006af8      0x114 build_ak-base-kit-stm32l151-application/mbmfunccoils.o
                0x0000000008006af8                vMBMReadCoilsPolled
 .text.eMBMReadCoils
                0x0000000008006c0c       0x42 build_ak-base-kit-stm32l151-application/mbmfunccoils.o
                0x0000000008006c0c                eMBMReadCoils
 .text.vMBMReadDiscreteInputsPolled
                0x0000000008006c4e      0x114 build_ak-base-kit-stm32l151-application/mbmfuncdisc.o
                0x0000000008006c4e                vMBMReadDiscreteInputsPolled
 .text.eMBMReadDiscreteInputs
                0x0000000008006d62       0x42 build_ak-base-kit-stm32l151-application/mbmfuncdisc.o
                0x0000000008006d62                eMBMReadDiscreteInputs
 .text.vMBMReadInputRegistersPolled
                0x0000000008006da4      0x120 build_ak-base-kit-stm32l151-application/mbmfuncinput.o
                0x0000000008006da4                vMBMReadInputRegistersPolled
 .text.eMBMReadInputRegisters
                0x0000000008006ec4       0x42 build_ak-base-kit-stm32l151-application/mbmfuncinput.o
                0x0000000008006ec4                eMBMReadInputRegisters
 *fill*         0x0000000008006f06        0x2 
 .text.eMBPEventCreate
                0x0000000008006f08       0x5c build_ak-base-kit-stm32l151-application/mbportevent.o
                0x0000000008006f08                eMBPEventCreate
 .text.eMBPEventPost
                0x0000000008006f64       0x2c build_ak-base-kit-stm32l151-application/mbportevent.o
                0x0000000008006f64                eMBPEventPost
 .text.bMBPEventGet
                0x0000000008006f90       0x34 build_ak-base-kit-stm32l151-application/mbportevent.o
                0x0000000008006f90                bMBPEventGet
 .text.vMBPEventDelete
                0x0000000008006fc4       0x2c build_ak-base-kit-stm32l151-application/mbportevent.o
                0x0000000008006fc4                vMBPEventDelete
 .text.vMBPAssert
                0x0000000008006ff0       0x1c build_ak-base-kit-stm32l151-application/mbportother.o
                0x0000000008006ff0                vMBPAssert
 .text.vMBPEnterCritical
                0x000000000800700c        0x4 build_ak-base-kit-stm32l151-application/mbportother.o
                0x000000000800700c                vMBPEnterCritical
 .text.vMBPExitCritical
                0x0000000008007010        0x4 build_ak-base-kit-stm32l151-application/mbportother.o
                0x0000000008007010                vMBPExitCritical
 .text.eMBPSerialInit
                0x0000000008007014      0x144 build_ak-base-kit-stm32l151-application/mbportserial.o
                0x0000000008007014                eMBPSerialInit
 .text.eMBPSerialClose
                0x0000000008007158       0x58 build_ak-base-kit-stm32l151-application/mbportserial.o
                0x0000000008007158                eMBPSerialClose
 .text.eMBPSerialTxEnable
                0x00000000080071b0       0x70 build_ak-base-kit-stm32l151-application/mbportserial.o
                0x00000000080071b0                eMBPSerialTxEnable
 .text.eMBPSerialRxEnable
                0x0000000008007220       0x5c build_ak-base-kit-stm32l151-application/mbportserial.o
                0x0000000008007220                eMBPSerialRxEnable
 .text.vMBPUSART2ISR
                0x000000000800727c       0xec build_ak-base-kit-stm32l151-application/mbportserial.o
                0x000000000800727c                vMBPUSART2ISR
 .text.eMBPTimerInit
                0x0000000008007368       0xec build_ak-base-kit-stm32l151-application/mbporttimer.o
                0x0000000008007368                eMBPTimerInit
 .text.vMBPTimerClose
                0x0000000008007454       0x28 build_ak-base-kit-stm32l151-application/mbporttimer.o
                0x0000000008007454                vMBPTimerClose
 .text.eMBPTimerStart
                0x000000000800747c       0x2c build_ak-base-kit-stm32l151-application/mbporttimer.o
                0x000000000800747c                eMBPTimerStart
 .text.eMBPTimerStop
                0x00000000080074a8       0x30 build_ak-base-kit-stm32l151-application/mbporttimer.o
                0x00000000080074a8                eMBPTimerStop
 .text.vMBPTimerISR
                0x00000000080074d8       0x58 build_ak-base-kit-stm32l151-application/mbporttimer.o
                0x00000000080074d8                vMBPTimerISR
 .text.GPIO_Init
                0x0000000008007530       0x78 build_ak-base-kit-stm32l151-application/stm32l1xx_gpio.o
                0x0000000008007530                GPIO_Init
 .text.GPIO_ReadInputDataBit
                0x00000000080075a8        0xc build_ak-base-kit-stm32l151-application/stm32l1xx_gpio.o
                0x00000000080075a8                GPIO_ReadInputDataBit
 .text.GPIO_SetBits
                0x00000000080075b4        0x4 build_ak-base-kit-stm32l151-application/stm32l1xx_gpio.o
                0x00000000080075b4                GPIO_SetBits
 .text.GPIO_ResetBits
                0x00000000080075b8        0x4 build_ak-base-kit-stm32l151-application/stm32l1xx_gpio.o
                0x00000000080075b8                GPIO_ResetBits
 .text.GPIO_PinAFConfig
                0x00000000080075bc       0x24 build_ak-base-kit-stm32l151-application/stm32l1xx_gpio.o
                0x00000000080075bc                GPIO_PinAFConfig
 .text.RCC_HSICmd
                0x00000000080075e0        0xc build_ak-base-kit-stm32l151-application/stm32l1xx_rcc.o
                0x00000000080075e0                RCC_HSICmd
 .text.RCC_GetClocksFreq
                0x00000000080075ec       0x9c build_ak-base-kit-stm32l151-application/stm32l1xx_rcc.o
                0x00000000080075ec                RCC_GetClocksFreq
 .text.RCC_AHBPeriphClockCmd
                0x0000000008007688       0x18 build_ak-base-kit-stm32l151-application/stm32l1xx_rcc.o
                0x0000000008007688                RCC_AHBPeriphClockCmd
 .text.RCC_APB2PeriphClockCmd
                0x00000000080076a0       0x18 build_ak-base-kit-stm32l151-application/stm32l1xx_rcc.o
                0x00000000080076a0                RCC_APB2PeriphClockCmd
 .text.RCC_APB1PeriphClockCmd
                0x00000000080076b8       0x18 build_ak-base-kit-stm32l151-application/stm32l1xx_rcc.o
                0x00000000080076b8                RCC_APB1PeriphClockCmd
 .text.RCC_APB2PeriphResetCmd
                0x00000000080076d0       0x18 build_ak-base-kit-stm32l151-application/stm32l1xx_rcc.o
                0x00000000080076d0                RCC_APB2PeriphResetCmd
 .text.RCC_APB1PeriphResetCmd
                0x00000000080076e8       0x18 build_ak-base-kit-stm32l151-application/stm32l1xx_rcc.o
                0x00000000080076e8                RCC_APB1PeriphResetCmd
 .text.RCC_GetFlagStatus
                0x0000000008007700       0x20 build_ak-base-kit-stm32l151-application/stm32l1xx_rcc.o
                0x0000000008007700                RCC_GetFlagStatus
 .text.USART_DeInit
                0x0000000008007720       0x9c build_ak-base-kit-stm32l151-application/stm32l1xx_usart.o
                0x0000000008007720                USART_DeInit
 .text.USART_Init
                0x00000000080077bc       0xa4 build_ak-base-kit-stm32l151-application/stm32l1xx_usart.o
                0x00000000080077bc                USART_Init
 .text.USART_ClockInit
                0x0000000008007860       0x20 build_ak-base-kit-stm32l151-application/stm32l1xx_usart.o
                0x0000000008007860                USART_ClockInit
 .text.USART_Cmd
                0x0000000008007880       0x18 build_ak-base-kit-stm32l151-application/stm32l1xx_usart.o
                0x0000000008007880                USART_Cmd
 .text.USART_SendData
                0x0000000008007898        0x8 build_ak-base-kit-stm32l151-application/stm32l1xx_usart.o
                0x0000000008007898                USART_SendData
 .text.USART_ReceiveData
                0x00000000080078a0        0x8 build_ak-base-kit-stm32l151-application/stm32l1xx_usart.o
                0x00000000080078a0                USART_ReceiveData
 .text.USART_ITConfig
                0x00000000080078a8       0x30 build_ak-base-kit-stm32l151-application/stm32l1xx_usart.o
                0x00000000080078a8                USART_ITConfig
 .text.USART_GetFlagStatus
                0x00000000080078d8        0xc build_ak-base-kit-stm32l151-application/stm32l1xx_usart.o
                0x00000000080078d8                USART_GetFlagStatus
 .text.USART_GetITStatus
                0x00000000080078e4       0x3e build_ak-base-kit-stm32l151-application/stm32l1xx_usart.o
                0x00000000080078e4                USART_GetITStatus
 .text.USART_ClearITPendingBit
                0x0000000008007922        0xe build_ak-base-kit-stm32l151-application/stm32l1xx_usart.o
                0x0000000008007922                USART_ClearITPendingBit
 .text.SPI_I2S_DeInit
                0x0000000008007930       0x64 build_ak-base-kit-stm32l151-application/stm32l1xx_spi.o
                0x0000000008007930                SPI_I2S_DeInit
 .text.SPI_Init
                0x0000000008007994       0x3e build_ak-base-kit-stm32l151-application/stm32l1xx_spi.o
                0x0000000008007994                SPI_Init
 .text.SPI_Cmd  0x00000000080079d2       0x18 build_ak-base-kit-stm32l151-application/stm32l1xx_spi.o
                0x00000000080079d2                SPI_Cmd
 .text.SPI_I2S_ReceiveData
                0x00000000080079ea        0x6 build_ak-base-kit-stm32l151-application/stm32l1xx_spi.o
                0x00000000080079ea                SPI_I2S_ReceiveData
 .text.SPI_I2S_SendData
                0x00000000080079f0        0x4 build_ak-base-kit-stm32l151-application/stm32l1xx_spi.o
                0x00000000080079f0                SPI_I2S_SendData
 .text.SPI_I2S_GetFlagStatus
                0x00000000080079f4        0xc build_ak-base-kit-stm32l151-application/stm32l1xx_spi.o
                0x00000000080079f4                SPI_I2S_GetFlagStatus
 .text.NVIC_PriorityGroupConfig
                0x0000000008007a00       0x14 build_ak-base-kit-stm32l151-application/misc.o
                0x0000000008007a00                NVIC_PriorityGroupConfig
 .text.NVIC_Init
                0x0000000008007a14       0x58 build_ak-base-kit-stm32l151-application/misc.o
                0x0000000008007a14                NVIC_Init
 .text.EXTI_GetFlagStatus
                0x0000000008007a6c       0x14 build_ak-base-kit-stm32l151-application/stm32l1xx_exti.o
                0x0000000008007a6c                EXTI_GetFlagStatus
 .text.EXTI_GetITStatus
                0x0000000008007a80        0x4 build_ak-base-kit-stm32l151-application/stm32l1xx_exti.o
                0x0000000008007a80                EXTI_GetITStatus
 .text.EXTI_ClearITPendingBit
                0x0000000008007a84        0xc build_ak-base-kit-stm32l151-application/stm32l1xx_exti.o
                0x0000000008007a84                EXTI_ClearITPendingBit
 .text.TIM_DeInit
                0x0000000008007a90       0xe4 build_ak-base-kit-stm32l151-application/stm32l1xx_tim.o
                0x0000000008007a90                TIM_DeInit
 .text.TIM_TimeBaseInit
                0x0000000008007b74       0x58 build_ak-base-kit-stm32l151-application/stm32l1xx_tim.o
                0x0000000008007b74                TIM_TimeBaseInit
 .text.TIM_ARRPreloadConfig
                0x0000000008007bcc       0x18 build_ak-base-kit-stm32l151-application/stm32l1xx_tim.o
                0x0000000008007bcc                TIM_ARRPreloadConfig
 .text.TIM_Cmd  0x0000000008007be4       0x18 build_ak-base-kit-stm32l151-application/stm32l1xx_tim.o
                0x0000000008007be4                TIM_Cmd
 .text.TIM_OC3Init
                0x0000000008007bfc       0x3c build_ak-base-kit-stm32l151-application/stm32l1xx_tim.o
                0x0000000008007bfc                TIM_OC3Init
 .text.TIM_OC3PreloadConfig
                0x0000000008007c38       0x10 build_ak-base-kit-stm32l151-application/stm32l1xx_tim.o
                0x0000000008007c38                TIM_OC3PreloadConfig
 .text.TIM_ITConfig
                0x0000000008007c48       0x12 build_ak-base-kit-stm32l151-application/stm32l1xx_tim.o
                0x0000000008007c48                TIM_ITConfig
 .text.TIM_GetITStatus
                0x0000000008007c5a       0x16 build_ak-base-kit-stm32l151-application/stm32l1xx_tim.o
                0x0000000008007c5a                TIM_GetITStatus
 .text.TIM_ClearITPendingBit
                0x0000000008007c70        0x8 build_ak-base-kit-stm32l151-application/stm32l1xx_tim.o
                0x0000000008007c70                TIM_ClearITPendingBit
 .text.ADC_Init
                0x0000000008007c78       0x4c build_ak-base-kit-stm32l151-application/stm32l1xx_adc.o
                0x0000000008007c78                ADC_Init
 .text.ADC_Cmd  0x0000000008007cc4       0x12 build_ak-base-kit-stm32l151-application/stm32l1xx_adc.o
                0x0000000008007cc4                ADC_Cmd
 *fill*         0x0000000008007cd6        0x2 
 .text.ADC_TempSensorVrefintCmd
                0x0000000008007cd8       0x18 build_ak-base-kit-stm32l151-application/stm32l1xx_adc.o
                0x0000000008007cd8                ADC_TempSensorVrefintCmd
 .text.ADC_RegularChannelConfig
                0x0000000008007cf0      0x104 build_ak-base-kit-stm32l151-application/stm32l1xx_adc.o
                0x0000000008007cf0                ADC_RegularChannelConfig
 .text.ADC_SoftwareStartConv
                0x0000000008007df4        0xa build_ak-base-kit-stm32l151-application/stm32l1xx_adc.o
                0x0000000008007df4                ADC_SoftwareStartConv
 .text.ADC_GetConversionValue
                0x0000000008007dfe        0x6 build_ak-base-kit-stm32l151-application/stm32l1xx_adc.o
                0x0000000008007dfe                ADC_GetConversionValue
 .text.ADC_GetFlagStatus
                0x0000000008007e04        0xc build_ak-base-kit-stm32l151-application/stm32l1xx_adc.o
                0x0000000008007e04                ADC_GetFlagStatus
 .text.PWR_UltraLowPowerCmd
                0x0000000008007e10        0xc build_ak-base-kit-stm32l151-application/stm32l1xx_pwr.o
                0x0000000008007e10                PWR_UltraLowPowerCmd
 .text.PWR_EnterSTOPMode
                0x0000000008007e1c       0x34 build_ak-base-kit-stm32l151-application/stm32l1xx_pwr.o
                0x0000000008007e1c                PWR_EnterSTOPMode
 .text.FLASH_Lock
                0x0000000008007e50       0x10 build_ak-base-kit-stm32l151-application/stm32l1xx_flash.o
                0x0000000008007e50                FLASH_Lock
 .text.DATA_EEPROM_Unlock
                0x0000000008007e60       0x20 build_ak-base-kit-stm32l151-application/stm32l1xx_flash.o
                0x0000000008007e60                DATA_EEPROM_Unlock
 .text.FLASH_Unlock
                0x0000000008007e80       0x2c build_ak-base-kit-stm32l151-application/stm32l1xx_flash.o
                0x0000000008007e80                FLASH_Unlock
 .text.DATA_EEPROM_Lock
                0x0000000008007eac       0x10 build_ak-base-kit-stm32l151-application/stm32l1xx_flash.o
                0x0000000008007eac                DATA_EEPROM_Lock
 .text.FLASH_OB_Unlock
                0x0000000008007ebc       0x2c build_ak-base-kit-stm32l151-application/stm32l1xx_flash.o
                0x0000000008007ebc                FLASH_OB_Unlock
 .text.FLASH_OB_Launch
                0x0000000008007ee8       0x10 build_ak-base-kit-stm32l151-application/stm32l1xx_flash.o
                0x0000000008007ee8                FLASH_OB_Launch
 .text.FLASH_OB_GetBOR
                0x0000000008007ef8       0x10 build_ak-base-kit-stm32l151-application/stm32l1xx_flash.o
                0x0000000008007ef8                FLASH_OB_GetBOR
 .text.FLASH_ClearFlag
                0x0000000008007f08        0xc build_ak-base-kit-stm32l151-application/stm32l1xx_flash.o
                0x0000000008007f08                FLASH_ClearFlag
 .text.FLASH_GetStatus
                0x0000000008007f14       0x28 build_ak-base-kit-stm32l151-application/stm32l1xx_flash.o
                0x0000000008007f14                FLASH_GetStatus
 .text.FLASH_WaitForLastOperation
                0x0000000008007f3c       0x3c build_ak-base-kit-stm32l151-application/stm32l1xx_flash.o
                0x0000000008007f3c                FLASH_WaitForLastOperation
 .text.FLASH_ErasePage
                0x0000000008007f78       0x44 build_ak-base-kit-stm32l151-application/stm32l1xx_flash.o
                0x0000000008007f78                FLASH_ErasePage
 .text.FLASH_FastProgramWord
                0x0000000008007fbc       0x22 build_ak-base-kit-stm32l151-application/stm32l1xx_flash.o
                0x0000000008007fbc                FLASH_FastProgramWord
 .text.DATA_EEPROM_EraseWord
                0x0000000008007fde       0x16 build_ak-base-kit-stm32l151-application/stm32l1xx_flash.o
                0x0000000008007fde                DATA_EEPROM_EraseWord
 .text.DATA_EEPROM_FastProgramWord
                0x0000000008007ff4       0x30 build_ak-base-kit-stm32l151-application/stm32l1xx_flash.o
                0x0000000008007ff4                DATA_EEPROM_FastProgramWord
 .text.DATA_EEPROM_ProgramByte
                0x0000000008008024       0x4c build_ak-base-kit-stm32l151-application/stm32l1xx_flash.o
                0x0000000008008024                DATA_EEPROM_ProgramByte
 .text.FLASH_OB_BORConfig
                0x0000000008008070       0x3c build_ak-base-kit-stm32l151-application/stm32l1xx_flash.o
                0x0000000008008070                FLASH_OB_BORConfig
 .text.IWDG_WriteAccessCmd
                0x00000000080080ac        0xc build_ak-base-kit-stm32l151-application/stm32l1xx_iwdg.o
                0x00000000080080ac                IWDG_WriteAccessCmd
 .text.IWDG_SetPrescaler
                0x00000000080080b8        0xc build_ak-base-kit-stm32l151-application/stm32l1xx_iwdg.o
                0x00000000080080b8                IWDG_SetPrescaler
 .text.IWDG_SetReload
                0x00000000080080c4        0xc build_ak-base-kit-stm32l151-application/stm32l1xx_iwdg.o
                0x00000000080080c4                IWDG_SetReload
 .text.IWDG_ReloadCounter
                0x00000000080080d0       0x10 build_ak-base-kit-stm32l151-application/stm32l1xx_iwdg.o
                0x00000000080080d0                IWDG_ReloadCounter
 .text.IWDG_Enable
                0x00000000080080e0       0x10 build_ak-base-kit-stm32l151-application/stm32l1xx_iwdg.o
                0x00000000080080e0                IWDG_Enable
 .text.I2C_SendData
                0x00000000080080f0        0x4 build_ak-base-kit-stm32l151-application/stm32l1xx_i2c.o
                0x00000000080080f0                I2C_SendData
 .text.I2C_CheckEvent
                0x00000000080080f4       0x18 build_ak-base-kit-stm32l151-application/stm32l1xx_i2c.o
                0x00000000080080f4                I2C_CheckEvent
 .text.disable_interrupts
                0x000000000800810c       0x10 build_ak-base-kit-stm32l151-application/platform.o
                0x000000000800810c                disable_interrupts
 .text.entry_critical
                0x000000000800811c       0x14 build_ak-base-kit-stm32l151-application/platform.o
                0x000000000800811c                entry_critical
 .text.exit_critical
                0x0000000008008130       0x30 build_ak-base-kit-stm32l151-application/platform.o
                0x0000000008008130                exit_critical
 .text.default_handler
                0x0000000008008160       0x1c build_ak-base-kit-stm32l151-application/system.o
                0x0000000008008160                svc_handler
                0x0000000008008160                default_handler
                0x0000000008008160                dg_monitor_handler
                0x0000000008008160                pendsv_handler
 .text.nmi_handler
                0x000000000800817c       0x1c build_ak-base-kit-stm32l151-application/system.o
                0x000000000800817c                nmi_handler
 .text.hard_fault_handler
                0x0000000008008198       0x1c build_ak-base-kit-stm32l151-application/system.o
                0x0000000008008198                hard_fault_handler
 .text.mem_manage_handler
                0x00000000080081b4       0x1c build_ak-base-kit-stm32l151-application/system.o
                0x00000000080081b4                mem_manage_handler
 .text.bus_fault_handler
                0x00000000080081d0       0x1c build_ak-base-kit-stm32l151-application/system.o
                0x00000000080081d0                bus_fault_handler
 .text.usage_fault_handler
                0x00000000080081ec       0x1c build_ak-base-kit-stm32l151-application/system.o
                0x00000000080081ec                usage_fault_handler
 .text.systick_handler
                0x0000000008008208       0x40 build_ak-base-kit-stm32l151-application/system.o
                0x0000000008008208                systick_handler
 .text.uart1_irq
                0x0000000008008248       0x64 build_ak-base-kit-stm32l151-application/system.o
                0x0000000008008248                uart1_irq
 .text.exti_line1_irq
                0x00000000080082ac       0x1c build_ak-base-kit-stm32l151-application/system.o
                0x00000000080082ac                exti_line1_irq
 .text.timer7_irq
                0x00000000080082c8       0x24 build_ak-base-kit-stm32l151-application/system.o
                0x00000000080082c8                timer7_irq
 .text.sys_ctrl_delay
                0x00000000080082ec        0xc build_ak-base-kit-stm32l151-application/system.o
                0x00000000080082ec                sys_ctrl_delay
 .text.sys_ctrl_millis
                0x00000000080082f8       0x1c build_ak-base-kit-stm32l151-application/system.o
                0x00000000080082f8                sys_ctrl_millis
 .text._init    0x0000000008008314        0x2 build_ak-base-kit-stm32l151-application/system.o
                0x0000000008008314                _init
 .text._fini    0x0000000008008316        0x2 build_ak-base-kit-stm32l151-application/system.o
                0x0000000008008316                _fini
 .text.sys_stack_count_init
                0x0000000008008318       0x3c build_ak-base-kit-stm32l151-application/system.o
                0x0000000008008318                sys_stack_count_init
 .text.reset_handler
                0x0000000008008354       0xc8 build_ak-base-kit-stm32l151-application/system.o
                0x0000000008008354                reset_handler
 .text.sys_stack_usage
                0x000000000800841c       0x20 build_ak-base-kit-stm32l151-application/system.o
                0x000000000800841c                sys_stack_usage
 .text.sys_stack_get_size
                0x000000000800843c        0xc build_ak-base-kit-stm32l151-application/system.o
                0x000000000800843c                sys_stack_get_size
 .text.sys_ctrl_shell_put_char_block
                0x0000000008008448       0x2c build_ak-base-kit-stm32l151-application/sys_cfg.o
                0x0000000008008448                sys_ctrl_shell_put_char_block
 .text.sys_cfg_clock
                0x0000000008008474       0x22 build_ak-base-kit-stm32l151-application/sys_cfg.o
                0x0000000008008474                sys_cfg_clock
 *fill*         0x0000000008008496        0x2 
 .text.sys_cfg_tick
                0x0000000008008498       0x50 build_ak-base-kit-stm32l151-application/sys_cfg.o
                0x0000000008008498                sys_cfg_tick
 .text.sys_cfg_svc
                0x00000000080084e8       0x30 build_ak-base-kit-stm32l151-application/sys_cfg.o
                0x00000000080084e8                sys_cfg_svc
 .text.sys_cfg_pendsv
                0x0000000008008518       0x34 build_ak-base-kit-stm32l151-application/sys_cfg.o
                0x0000000008008518                sys_cfg_pendsv
 .text.sys_cfg_update_info
                0x000000000800854c      0x108 build_ak-base-kit-stm32l151-application/sys_cfg.o
                0x000000000800854c                sys_cfg_update_info
 .text.sys_ctrl_shell_sw_to_block
                0x0000000008008654       0x38 build_ak-base-kit-stm32l151-application/sys_cfg.o
                0x0000000008008654                sys_ctrl_shell_sw_to_block
 .text.sys_cfg_console
                0x000000000800868c       0xd8 build_ak-base-kit-stm32l151-application/sys_cfg.o
                0x000000000800868c                sys_cfg_console
 .text.sys_ctrl_shell_get_char
                0x0000000008008764       0x34 build_ak-base-kit-stm32l151-application/sys_cfg.o
                0x0000000008008764                sys_ctrl_shell_get_char
 .text.sys_ctrl_reset
                0x0000000008008798       0x20 build_ak-base-kit-stm32l151-application/sys_cfg.o
                0x0000000008008798                sys_ctrl_reset
 .text.sys_ctrl_delay_us
                0x00000000080087b8       0x58 build_ak-base-kit-stm32l151-application/sys_cfg.o
                0x00000000080087b8                sys_ctrl_delay_us
 .text.sys_ctrl_delay_ms
                0x0000000008008810       0x1e build_ak-base-kit-stm32l151-application/sys_cfg.o
                0x0000000008008810                sys_ctrl_delay_ms
 *fill*         0x000000000800882e        0x2 
 .text.sys_ctr_stop_mcu
                0x0000000008008830       0xa8 build_ak-base-kit-stm32l151-application/sys_cfg.o
                0x0000000008008830                sys_ctr_stop_mcu
 .text.sys_ctrl_independent_watchdog_init
                0x00000000080088d8       0x24 build_ak-base-kit-stm32l151-application/sys_cfg.o
                0x00000000080088d8                sys_ctrl_independent_watchdog_init
 .text.sys_ctrl_independent_watchdog_reset
                0x00000000080088fc       0x12 build_ak-base-kit-stm32l151-application/sys_cfg.o
                0x00000000080088fc                sys_ctrl_independent_watchdog_reset
 *fill*         0x000000000800890e        0x2 
 .text.sys_ctrl_soft_watchdog_init
                0x0000000008008910       0x68 build_ak-base-kit-stm32l151-application/sys_cfg.o
                0x0000000008008910                sys_ctrl_soft_watchdog_init
 .text.sys_ctrl_soft_watchdog_reset
                0x0000000008008978       0x18 build_ak-base-kit-stm32l151-application/sys_cfg.o
                0x0000000008008978                sys_ctrl_soft_watchdog_reset
 .text.sys_ctrl_soft_watchdog_increase_counter
                0x0000000008008990       0x40 build_ak-base-kit-stm32l151-application/sys_cfg.o
                0x0000000008008990                sys_ctrl_soft_watchdog_increase_counter
 .text.sys_ctrl_get_firmware_info
                0x00000000080089d0       0x40 build_ak-base-kit-stm32l151-application/sys_cfg.o
                0x00000000080089d0                sys_ctrl_get_firmware_info
 .text.task_irq_io_entry_trigger
                0x0000000008008a10        0x2 build_ak-base-kit-stm32l151-application/sys_cfg.o
                0x0000000008008a10                task_irq_io_entry_trigger
 .text.task_irq_io_exit_trigger
                0x0000000008008a12        0x2 build_ak-base-kit-stm32l151-application/sys_cfg.o
                0x0000000008008a12                task_irq_io_exit_trigger
 .text.io_button_mode_init
                0x0000000008008a14       0x28 build_ak-base-kit-stm32l151-application/io_cfg.o
                0x0000000008008a14                io_button_mode_init
 .text.io_button_up_init
                0x0000000008008a3c       0x28 build_ak-base-kit-stm32l151-application/io_cfg.o
                0x0000000008008a3c                io_button_up_init
 .text.io_button_down_init
                0x0000000008008a64       0x28 build_ak-base-kit-stm32l151-application/io_cfg.o
                0x0000000008008a64                io_button_down_init
 .text.io_button_mode_read
                0x0000000008008a8c        0xc build_ak-base-kit-stm32l151-application/io_cfg.o
                0x0000000008008a8c                io_button_mode_read
 .text.io_button_up_read
                0x0000000008008a98       0x10 build_ak-base-kit-stm32l151-application/io_cfg.o
                0x0000000008008a98                io_button_up_read
 .text.io_button_down_read
                0x0000000008008aa8        0xc build_ak-base-kit-stm32l151-application/io_cfg.o
                0x0000000008008aa8                io_button_down_read
 .text.led_life_init
                0x0000000008008ab4       0x28 build_ak-base-kit-stm32l151-application/io_cfg.o
                0x0000000008008ab4                led_life_init
 .text.led_life_on
                0x0000000008008adc       0x10 build_ak-base-kit-stm32l151-application/io_cfg.o
                0x0000000008008adc                led_life_on
 .text.led_life_off
                0x0000000008008aec       0x10 build_ak-base-kit-stm32l151-application/io_cfg.o
                0x0000000008008aec                led_life_off
 .text.flash_io_ctrl_init
                0x0000000008008afc       0x28 build_ak-base-kit-stm32l151-application/io_cfg.o
                0x0000000008008afc                flash_io_ctrl_init
 .text.flash_cs_low
                0x0000000008008b24       0x10 build_ak-base-kit-stm32l151-application/io_cfg.o
                0x0000000008008b24                flash_cs_low
 .text.flash_cs_high
                0x0000000008008b34       0x10 build_ak-base-kit-stm32l151-application/io_cfg.o
                0x0000000008008b34                flash_cs_high
 .text.flash_transfer
                0x0000000008008b44       0x98 build_ak-base-kit-stm32l151-application/io_cfg.o
                0x0000000008008b44                flash_transfer
 .text.io_cfg_adc1
                0x0000000008008bdc       0x48 build_ak-base-kit-stm32l151-application/io_cfg.o
                0x0000000008008bdc                io_cfg_adc1
 .text.adc_bat_io_cfg
                0x0000000008008c24       0x2c build_ak-base-kit-stm32l151-application/io_cfg.o
                0x0000000008008c24                adc_bat_io_cfg
 .text.sys_ctr_get_vbat_voltage
                0x0000000008008c50       0x90 build_ak-base-kit-stm32l151-application/io_cfg.o
                0x0000000008008c50                sys_ctr_get_vbat_voltage
 .text.sys_ctr_get_mcu_temperature
                0x0000000008008ce0       0x6c build_ak-base-kit-stm32l151-application/io_cfg.o
                0x0000000008008ce0                sys_ctr_get_mcu_temperature
 .text.ssd1306_clk_input_mode
                0x0000000008008d4c       0x28 build_ak-base-kit-stm32l151-application/io_cfg.o
                0x0000000008008d4c                ssd1306_clk_input_mode
 .text.ssd1306_clk_output_mode
                0x0000000008008d74       0x28 build_ak-base-kit-stm32l151-application/io_cfg.o
                0x0000000008008d74                ssd1306_clk_output_mode
 .text.ssd1306_clk_digital_write_low
                0x0000000008008d9c       0x10 build_ak-base-kit-stm32l151-application/io_cfg.o
                0x0000000008008d9c                ssd1306_clk_digital_write_low
 .text.ssd1306_clk_digital_write_high
                0x0000000008008dac       0x10 build_ak-base-kit-stm32l151-application/io_cfg.o
                0x0000000008008dac                ssd1306_clk_digital_write_high
 .text.ssd1306_data_input_mode
                0x0000000008008dbc       0x28 build_ak-base-kit-stm32l151-application/io_cfg.o
                0x0000000008008dbc                ssd1306_data_input_mode
 .text.ssd1306_data_output_mode
                0x0000000008008de4       0x28 build_ak-base-kit-stm32l151-application/io_cfg.o
                0x0000000008008de4                ssd1306_data_output_mode
 .text.ssd1306_data_digital_write_low
                0x0000000008008e0c       0x10 build_ak-base-kit-stm32l151-application/io_cfg.o
                0x0000000008008e0c                ssd1306_data_digital_write_low
 .text.ssd1306_data_digital_write_high
                0x0000000008008e1c       0x10 build_ak-base-kit-stm32l151-application/io_cfg.o
                0x0000000008008e1c                ssd1306_data_digital_write_high
 .text.ssd1306_res_input_mode
                0x0000000008008e2c       0x28 build_ak-base-kit-stm32l151-application/io_cfg.o
                0x0000000008008e2c                ssd1306_res_input_mode
 .text.ssd1306_res_output_mode
                0x0000000008008e54       0x28 build_ak-base-kit-stm32l151-application/io_cfg.o
                0x0000000008008e54                ssd1306_res_output_mode
 .text.ssd1306_res_digital_write_low
                0x0000000008008e7c       0x10 build_ak-base-kit-stm32l151-application/io_cfg.o
                0x0000000008008e7c                ssd1306_res_digital_write_low
 .text.ssd1306_res_digital_write_high
                0x0000000008008e8c       0x10 build_ak-base-kit-stm32l151-application/io_cfg.o
                0x0000000008008e8c                ssd1306_res_digital_write_high
 .text.io_eeprom_read
                0x0000000008008e9c       0x34 build_ak-base-kit-stm32l151-application/io_cfg.o
                0x0000000008008e9c                io_eeprom_read
 .text.io_eeprom_write
                0x0000000008008ed0       0x48 build_ak-base-kit-stm32l151-application/io_cfg.o
                0x0000000008008ed0                io_eeprom_write
 .text.io_eeprom_erase
                0x0000000008008f18       0x4c build_ak-base-kit-stm32l151-application/io_cfg.o
                0x0000000008008f18                io_eeprom_erase
 .text.internal_flash_unlock
                0x0000000008008f64       0x12 build_ak-base-kit-stm32l151-application/io_cfg.o
                0x0000000008008f64                internal_flash_unlock
 .text.internal_flash_lock
                0x0000000008008f76        0x4 build_ak-base-kit-stm32l151-application/io_cfg.o
                0x0000000008008f76                internal_flash_lock
 .text.internal_flash_erase_pages_cal
                0x0000000008008f7a       0x24 build_ak-base-kit-stm32l151-application/io_cfg.o
                0x0000000008008f7a                internal_flash_erase_pages_cal
 .text.internal_flash_write_cal
                0x0000000008008f9e       0x48 build_ak-base-kit-stm32l151-application/io_cfg.o
                0x0000000008008f9e                internal_flash_write_cal
 *fill*         0x0000000008008fe6        0x2 
 .text.io_uart2_cfg
                0x0000000008008fe8       0xbc build_ak-base-kit-stm32l151-application/io_cfg.o
                0x0000000008008fe8                io_uart2_cfg
 .text.io_uart_rs485_cfg
                0x00000000080090a4       0x78 build_ak-base-kit-stm32l151-application/io_cfg.o
                0x00000000080090a4                io_uart_rs485_cfg
 .text.io_rs485_dir_mode_output
                0x000000000800911c       0x30 build_ak-base-kit-stm32l151-application/io_cfg.o
                0x000000000800911c                io_rs485_dir_mode_output
 .text.io_rs485_dir_low
                0x000000000800914c        0xc build_ak-base-kit-stm32l151-application/io_cfg.o
                0x000000000800914c                io_rs485_dir_low
 .text.io_rs485_dir_high
                0x0000000008009158        0xc build_ak-base-kit-stm32l151-application/io_cfg.o
                0x0000000008009158                io_rs485_dir_high
 .text.SystemInit
                0x0000000008009164      0x114 build_ak-base-kit-stm32l151-application/system_stm32l1xx.o
                0x0000000008009164                SystemInit
 .text.SystemCoreClockUpdate
                0x0000000008009278       0x88 build_ak-base-kit-stm32l151-application/system_stm32l1xx.o
                0x0000000008009278                SystemCoreClockUpdate
 .text._ZL13view_scr_idlev
                0x0000000008009300       0x34 build_ak-base-kit-stm32l151-application/scr_idle.o
 .text._ZN4ballC2Ev
                0x0000000008009334       0x5e build_ak-base-kit-stm32l151-application/scr_idle.o
                0x0000000008009334                ball::ball()
                0x0000000008009334                ball::ball()
 *fill*         0x0000000008009392        0x2 
 .text._ZNSt6vectorI4ballSaIS0_EE17_M_realloc_insertIJRKS0_EEEvN9__gnu_cxx17__normal_iteratorIPS0_S2_EEDpOT_
                0x0000000008009394      0x110 build_ak-base-kit-stm32l151-application/scr_idle.o
                0x0000000008009394                void std::vector<ball, std::allocator<ball> >::_M_realloc_insert<ball const&>(__gnu_cxx::__normal_iterator<ball*, std::vector<ball, std::allocator<ball> > >, ball const&)
 .text._ZNSt6vectorI4ballSaIS0_EE9push_backERKS0_
                0x00000000080094a4       0x2c build_ak-base-kit-stm32l151-application/scr_idle.o
                0x00000000080094a4                std::vector<ball, std::allocator<ball> >::push_back(ball const&)
 .text._Z15scr_idle_handleP8ak_msg_t
                0x00000000080094d0      0x1a4 build_ak-base-kit-stm32l151-application/scr_idle.o
                0x00000000080094d0                scr_idle_handle(ak_msg_t*)
 .text.startup._GLOBAL__sub_I_dyn_view_idle
                0x0000000008009674       0x10 build_ak-base-kit-stm32l151-application/scr_idle.o
 .text.exit._GLOBAL__sub_D_dyn_view_idle
                0x0000000008009684       0x10 build_ak-base-kit-stm32l151-application/scr_idle.o
 .text._ZL16view_scr_startupv
                0x0000000008009694       0xa4 build_ak-base-kit-stm32l151-application/scr_startup.o
 .text._Z18scr_startup_handleP8ak_msg_t
                0x0000000008009738       0x64 build_ak-base-kit-stm32l151-application/scr_startup.o
                0x0000000008009738                scr_startup_handle(ak_msg_t*)
 .text._Z14scr_buu_handleP8ak_msg_t
                0x000000000800979c      0x184 build_ak-base-kit-stm32l151-application/scr_buu.o
                0x000000000800979c                scr_buu_handle(ak_msg_t*)
 .text._ZL12view_scr_buuv
                0x0000000008009920       0xa4 build_ak-base-kit-stm32l151-application/scr_buu.o
 .text._Z13update_screenv
                0x00000000080099c4       0xcc build_ak-base-kit-stm32l151-application/scr_menu_game.o
                0x00000000080099c4                update_screen()
 .text._Z20scr_menu_game_handleP8ak_msg_t
                0x0000000008009a90      0x10c build_ak-base-kit-stm32l151-application/scr_menu_game.o
                0x0000000008009a90                scr_menu_game_handle(ak_msg_t*)
 .text._ZL18view_scr_menu_gamev
                0x0000000008009b9c      0x224 build_ak-base-kit-stm32l151-application/scr_menu_game.o
 .text._Z23scr_game_setting_handleP8ak_msg_t
                0x0000000008009dc0      0x120 build_ak-base-kit-stm32l151-application/scr_game_setting.o
                0x0000000008009dc0                scr_game_setting_handle(ak_msg_t*)
 .text._ZL21view_scr_game_settingv
                0x0000000008009ee0      0x1b8 build_ak-base-kit-stm32l151-application/scr_game_setting.o
 .text._Z18update_archer_gamev
                0x000000000800a098      0x184 build_ak-base-kit-stm32l151-application/scr_archer_game.o
                0x000000000800a098                update_archer_game()
 .text._ZL20view_scr_archer_gamev
                0x000000000800a21c      0x2a4 build_ak-base-kit-stm32l151-application/scr_archer_game.o
 .text._Z22scr_archer_game_handleP8ak_msg_t
                0x000000000800a4c0      0x244 build_ak-base-kit-stm32l151-application/scr_archer_game.o
                0x000000000800a4c0                scr_archer_game_handle(ak_msg_t*)
 .text._ZL18view_scr_game_overv
                0x000000000800a704      0x124 build_ak-base-kit-stm32l151-application/scr_game_over.o
 .text._Z20scr_game_over_handleP8ak_msg_t
                0x000000000800a828      0x100 build_ak-base-kit-stm32l151-application/scr_game_over.o
                0x000000000800a828                scr_game_over_handle(ak_msg_t*)
 .text._ZL20view_scr_charts_gamev
                0x000000000800a928      0x134 build_ak-base-kit-stm32l151-application/scr_charts_game.o
 .text._Z22scr_charts_game_handleP8ak_msg_t
                0x000000000800aa5c       0xa8 build_ak-base-kit-stm32l151-application/scr_charts_game.o
                0x000000000800aa5c                scr_charts_game_handle(ak_msg_t*)
 .text._Z11task_systemP8ak_msg_t
                0x000000000800ab04       0x44 build_ak-base-kit-stm32l151-application/task_system.o
                0x000000000800ab04                task_system(ak_msg_t*)
 .text.main_app
                0x000000000800ab48      0x28c build_ak-base-kit-stm32l151-application/app.o
                0x000000000800ab48                main_app
 .text._Z19task_polling_zigbeev
                0x000000000800add4        0x2 build_ak-base-kit-stm32l151-application/app.o
                0x000000000800add4                task_polling_zigbee()
 *fill*         0x000000000800add6        0x2 
 .text._Z20task_polling_consolev
                0x000000000800add8       0xd8 build_ak-base-kit-stm32l151-application/app.o
                0x000000000800add8                task_polling_console()
 .text.sys_irq_timer_10ms
                0x000000000800aeb0       0x24 build_ak-base-kit-stm32l151-application/app.o
                0x000000000800aeb0                sys_irq_timer_10ms
 .text._Z17btn_mode_callbackPv
                0x000000000800aed4       0x44 build_ak-base-kit-stm32l151-application/app_bsp.o
                0x000000000800aed4                btn_mode_callback(void*)
 .text._Z15btn_up_callbackPv
                0x000000000800af18       0x44 build_ak-base-kit-stm32l151-application/app_bsp.o
                0x000000000800af18                btn_up_callback(void*)
 .text._Z17btn_down_callbackPv
                0x000000000800af5c       0x44 build_ak-base-kit-stm32l151-application/app_bsp.o
                0x000000000800af5c                btn_down_callback(void*)
 .text._Z22updateDataModbusDeviceP21ModbusDeviceStructure
                0x000000000800afa0       0xc4 build_ak-base-kit-stm32l151-application/app_modbus_pull.o
                0x000000000800afa0                updateDataModbusDevice(ModbusDeviceStructure*)
 .text._ZL19str_parser_get_attrh
                0x000000000800b064       0x1c build_ak-base-kit-stm32l151-application/shell.o
 .text._Z9shell_sttPh
                0x000000000800b080        0x4 build_ak-base-kit-stm32l151-application/shell.o
                0x000000000800b080                shell_stt(unsigned char*)
 .text._Z9shell_psvPh
                0x000000000800b084       0x14 build_ak-base-kit-stm32l151-application/shell.o
                0x000000000800b084                shell_psv(unsigned char*)
 .text._Z11shell_resetPh
                0x000000000800b098       0x10 build_ak-base-kit-stm32l151-application/shell.o
                0x000000000800b098                shell_reset(unsigned char*)
 .text._Z10shell_helpPh
                0x000000000800b0a8       0x30 build_ak-base-kit-stm32l151-application/shell.o
                0x000000000800b0a8                shell_help(unsigned char*)
 .text._Z9shell_verPh
                0x000000000800b0d8      0x118 build_ak-base-kit-stm32l151-application/shell.o
                0x000000000800b0d8                shell_ver(unsigned char*)
 .text._Z12shell_rebootPh
                0x000000000800b1f0       0x10 build_ak-base-kit-stm32l151-application/shell.o
                0x000000000800b1f0                shell_reboot(unsigned char*)
 .text._ZL10str_parserPc
                0x000000000800b200       0x60 build_ak-base-kit-stm32l151-application/shell.o
 .text._Z11shell_fatalPh
                0x000000000800b260      0x2f4 build_ak-base-kit-stm32l151-application/shell.o
                0x000000000800b260                shell_fatal(unsigned char*)
 .text._Z11shell_flashPh
                0x000000000800b554      0x150 build_ak-base-kit-stm32l151-application/shell.o
                0x000000000800b554                shell_flash(unsigned char*)
 .text._Z9shell_epsPh
                0x000000000800b6a4       0xd0 build_ak-base-kit-stm32l151-application/shell.o
                0x000000000800b6a4                shell_eps(unsigned char*)
 .text._Z9shell_ramPh
                0x000000000800b774      0x20c build_ak-base-kit-stm32l151-application/shell.o
                0x000000000800b774                shell_ram(unsigned char*)
 .text._Z10shell_bootPh
                0x000000000800b980       0xdc build_ak-base-kit-stm32l151-application/shell.o
                0x000000000800b980                shell_boot(unsigned char*)
 .text._Z9shell_fwuPh
                0x000000000800ba5c       0x34 build_ak-base-kit-stm32l151-application/shell.o
                0x000000000800ba5c                shell_fwu(unsigned char*)
 .text._Z12shell_buzzerPh
                0x000000000800ba90       0x88 build_ak-base-kit-stm32l151-application/shell.o
                0x000000000800ba90                shell_buzzer(unsigned char*)
 .text._Z9shell_dbgPh
                0x000000000800bb18       0x38 build_ak-base-kit-stm32l151-application/shell.o
                0x000000000800bb18                shell_dbg(unsigned char*)
 .text._Z12shell_modbusPh
                0x000000000800bb50       0xe0 build_ak-base-kit-stm32l151-application/shell.o
                0x000000000800bb50                shell_modbus(unsigned char*)
 .text._Z9shell_epiPh
                0x000000000800bc30        0x4 build_ak-base-kit-stm32l151-application/shell.o
                0x000000000800bc30                shell_epi(unsigned char*)
 .text._Z9shell_lcdPh
                0x000000000800bc34      0x15c build_ak-base-kit-stm32l151-application/shell.o
                0x000000000800bc34                shell_lcd(unsigned char*)
 .text.sys_irq_shell
                0x000000000800bd90       0x2c build_ak-base-kit-stm32l151-application/task_shell.o
                0x000000000800bd90                sys_irq_shell
 .text._Z10task_shellP8ak_msg_t
                0x000000000800bdbc       0x7c build_ak-base-kit-stm32l151-application/task_shell.o
                0x000000000800bdbc                task_shell(ak_msg_t*)
 .text._Z9task_lifeP8ak_msg_t
                0x000000000800be38       0x20 build_ak-base-kit-stm32l151-application/task_life.o
                0x000000000800be38                task_life(ak_msg_t*)
 .text._Z7task_fwP8ak_msg_t
                0x000000000800be58      0x490 build_ak-base-kit-stm32l151-application/task_fw.o
                0x000000000800be58                task_fw(ak_msg_t*)
 .text._Z12task_displayP8ak_msg_t
                0x000000000800c2e8        0x4 build_ak-base-kit-stm32l151-application/task_display.o
                0x000000000800c2e8                task_display(ak_msg_t*)
 .text._Z7task_ifP8ak_msg_t
                0x000000000800c2ec       0xe4 build_ak-base-kit-stm32l151-application/task_if.o
                0x000000000800c2ec                task_if(ak_msg_t*)
 .text._Z12task_rf24_ifP8ak_msg_t
                0x000000000800c3d0        0x2 build_ak-base-kit-stm32l151-application/task_rf24_if.o
                0x000000000800c3d0                task_rf24_if(ak_msg_t*)
 *fill*         0x000000000800c3d2        0x2 
 .text._Z12task_uart_ifP8ak_msg_t
                0x000000000800c3d4       0xc4 build_ak-base-kit-stm32l151-application/task_uart_if.o
                0x000000000800c3d4                task_uart_if(ak_msg_t*)
 .text._Z8task_dbgP8ak_msg_t
                0x000000000800c498        0x2 build_ak-base-kit-stm32l151-application/task_dbg.o
                0x000000000800c498                task_dbg(ak_msg_t*)
 .text._ZL19view_render_dynamicPv
                0x000000000800c49a        0xa build_ak-base-kit-stm32l151-application/view_render.o
 .text._Z22view_render_display_onv
                0x000000000800c4a4        0xc build_ak-base-kit-stm32l151-application/view_render.o
                0x000000000800c4a4                view_render_display_on()
 .text.startup._GLOBAL__sub_I_view_render
                0x000000000800c4b0        0xc build_ak-base-kit-stm32l151-application/view_render.o
 .text.exit._GLOBAL__sub_D_view_render
                0x000000000800c4bc        0xc build_ak-base-kit-stm32l151-application/view_render.o
 .text._Z18view_render_screenP13view_screen_t
                0x000000000800c4c8       0x68 build_ak-base-kit-stm32l151-application/view_render.o
                0x000000000800c4c8                view_render_screen(view_screen_t*)
 .text._ZL21view_render_rectanglePv
                0x000000000800c530       0xe8 build_ak-base-kit-stm32l151-application/view_render.o
 .text._Z12scr_mng_ctorP9scr_mng_tPFvP8ak_msg_tEP13view_screen_t
                0x000000000800c618       0x20 build_ak-base-kit-stm32l151-application/screen_manager.o
                0x000000000800c618                scr_mng_ctor(scr_mng_t*, void (*)(ak_msg_t*), view_screen_t*)
 .text._Z16scr_mng_dispatchP8ak_msg_t
                0x000000000800c638       0x48 build_ak-base-kit-stm32l151-application/screen_manager.o
                0x000000000800c638                scr_mng_dispatch(ak_msg_t*)
 .text._Z12scr_mng_tranPFvP8ak_msg_tEP13view_screen_t
                0x000000000800c680       0x44 build_ak-base-kit-stm32l151-application/screen_manager.o
                0x000000000800c680                scr_mng_tran(void (*)(ak_msg_t*), view_screen_t*)
 .text._ZN12Adafruit_GFX8drawLineEsssst
                0x000000000800c6c4       0xbe build_ak-base-kit-stm32l151-application/Adafruit_GFX.o
                0x000000000800c6c4                Adafruit_GFX::drawLine(short, short, short, short, unsigned short)
 .text._ZN12Adafruit_GFX8drawRectEsssst
                0x000000000800c782       0x68 build_ak-base-kit-stm32l151-application/Adafruit_GFX.o
                0x000000000800c782                Adafruit_GFX::drawRect(short, short, short, short, unsigned short)
 .text._ZN12Adafruit_GFX13drawFastVLineEssst
                0x000000000800c7ea       0x1c build_ak-base-kit-stm32l151-application/Adafruit_GFX.o
                0x000000000800c7ea                Adafruit_GFX::drawFastVLine(short, short, short, unsigned short)
 .text._ZN12Adafruit_GFX13drawFastHLineEssst
                0x000000000800c806       0x1a build_ak-base-kit-stm32l151-application/Adafruit_GFX.o
                0x000000000800c806                Adafruit_GFX::drawFastHLine(short, short, short, unsigned short)
 .text._ZN12Adafruit_GFX8fillRectEsssst
                0x000000000800c820       0x38 build_ak-base-kit-stm32l151-application/Adafruit_GFX.o
                0x000000000800c820                Adafruit_GFX::fillRect(short, short, short, short, unsigned short)
 .text._ZN12Adafruit_GFX10fillScreenEt
                0x000000000800c858       0x1c build_ak-base-kit-stm32l151-application/Adafruit_GFX.o
                0x000000000800c858                Adafruit_GFX::fillScreen(unsigned short)
 .text._ZN12Adafruit_GFXC2Ess
                0x000000000800c874       0x28 build_ak-base-kit-stm32l151-application/Adafruit_GFX.o
                0x000000000800c874                Adafruit_GFX::Adafruit_GFX(short, short)
                0x000000000800c874                Adafruit_GFX::Adafruit_GFX(short, short)
 .text._ZN12Adafruit_GFX10drawCircleEssst
                0x000000000800c89c      0x172 build_ak-base-kit-stm32l151-application/Adafruit_GFX.o
                0x000000000800c89c                Adafruit_GFX::drawCircle(short, short, short, unsigned short)
 .text._ZN12Adafruit_GFX16drawCircleHelperEsssht
                0x000000000800ca0e      0x17a build_ak-base-kit-stm32l151-application/Adafruit_GFX.o
                0x000000000800ca0e                Adafruit_GFX::drawCircleHelper(short, short, short, unsigned char, unsigned short)
 .text._ZN12Adafruit_GFX16fillCircleHelperEssshst
                0x000000000800cb88      0x124 build_ak-base-kit-stm32l151-application/Adafruit_GFX.o
                0x000000000800cb88                Adafruit_GFX::fillCircleHelper(short, short, short, unsigned char, short, unsigned short)
 .text._ZN12Adafruit_GFX10fillCircleEssst
                0x000000000800ccac       0x4a build_ak-base-kit-stm32l151-application/Adafruit_GFX.o
                0x000000000800ccac                Adafruit_GFX::fillCircle(short, short, short, unsigned short)
 .text._ZN12Adafruit_GFX13drawRoundRectEssssst
                0x000000000800ccf6      0x10e build_ak-base-kit-stm32l151-application/Adafruit_GFX.o
                0x000000000800ccf6                Adafruit_GFX::drawRoundRect(short, short, short, short, short, unsigned short)
 .text._ZN12Adafruit_GFX13fillRoundRectEssssst
                0x000000000800ce04       0x88 build_ak-base-kit-stm32l151-application/Adafruit_GFX.o
                0x000000000800ce04                Adafruit_GFX::fillRoundRect(short, short, short, short, short, unsigned short)
 .text._ZN12Adafruit_GFX10drawBitmapEssPKhsst
                0x000000000800ce8c       0x92 build_ak-base-kit-stm32l151-application/Adafruit_GFX.o
                0x000000000800ce8c                Adafruit_GFX::drawBitmap(short, short, unsigned char const*, short, short, unsigned short)
 *fill*         0x000000000800cf1e        0x2 
 .text._ZN12Adafruit_GFX8drawCharEsshtth
                0x000000000800cf20      0x108 build_ak-base-kit-stm32l151-application/Adafruit_GFX.o
                0x000000000800cf20                Adafruit_GFX::drawChar(short, short, unsigned char, unsigned short, unsigned short, unsigned char)
 .text._ZN12Adafruit_GFX5writeEh
                0x000000000800d028       0x64 build_ak-base-kit-stm32l151-application/Adafruit_GFX.o
                0x000000000800d028                Adafruit_GFX::write(unsigned char)
 .text._ZN12Adafruit_GFX9setCursorEss
                0x000000000800d08c        0x6 build_ak-base-kit-stm32l151-application/Adafruit_GFX.o
                0x000000000800d08c                Adafruit_GFX::setCursor(short, short)
 .text._ZN12Adafruit_GFX11setTextSizeEh
                0x000000000800d092        0xa build_ak-base-kit-stm32l151-application/Adafruit_GFX.o
                0x000000000800d092                Adafruit_GFX::setTextSize(unsigned char)
 .text._ZN12Adafruit_GFX12setTextColorEt
                0x000000000800d09c        0x6 build_ak-base-kit-stm32l151-application/Adafruit_GFX.o
                0x000000000800d09c                Adafruit_GFX::setTextColor(unsigned short)
 .text._ZN12Adafruit_GFX5widthEv
                0x000000000800d0a2        0x6 build_ak-base-kit-stm32l151-application/Adafruit_GFX.o
                0x000000000800d0a2                Adafruit_GFX::width()
 .text._ZN12Adafruit_GFX6heightEv
                0x000000000800d0a8        0x6 build_ak-base-kit-stm32l151-application/Adafruit_GFX.o
                0x000000000800d0a8                Adafruit_GFX::height()
 .text._ZN19Adafruit_ssd1306syp9updateRowEii
                0x000000000800d0ae       0x1e build_ak-base-kit-stm32l151-application/Adafruit_ssd1306syp.o
                0x000000000800d0ae                Adafruit_ssd1306syp::updateRow(int, int)
 .text._ZN19Adafruit_ssd1306syp9drawPixelEsst
                0x000000000800d0cc       0x52 build_ak-base-kit-stm32l151-application/Adafruit_ssd1306syp.o
                0x000000000800d0cc                Adafruit_ssd1306syp::drawPixel(short, short, unsigned short)
 *fill*         0x000000000800d11e        0x2 
 .text._ZN19Adafruit_ssd1306sypC2Ev
                0x000000000800d120       0x24 build_ak-base-kit-stm32l151-application/Adafruit_ssd1306syp.o
                0x000000000800d120                Adafruit_ssd1306syp::Adafruit_ssd1306syp()
                0x000000000800d120                Adafruit_ssd1306syp::Adafruit_ssd1306syp()
 .text._ZN19Adafruit_ssd1306sypD2Ev
                0x000000000800d144        0x2 build_ak-base-kit-stm32l151-application/Adafruit_ssd1306syp.o
                0x000000000800d144                Adafruit_ssd1306syp::~Adafruit_ssd1306syp()
                0x000000000800d144                Adafruit_ssd1306syp::~Adafruit_ssd1306syp()
 .text._ZN19Adafruit_ssd1306syp5clearEb
                0x000000000800d146       0x22 build_ak-base-kit-stm32l151-application/Adafruit_ssd1306syp.o
                0x000000000800d146                Adafruit_ssd1306syp::clear(bool)
 .text._ZN19Adafruit_ssd1306syp9writeByteEh
                0x000000000800d168       0x54 build_ak-base-kit-stm32l151-application/Adafruit_ssd1306syp.o
                0x000000000800d168                Adafruit_ssd1306syp::writeByte(unsigned char)
 .text._ZN19Adafruit_ssd1306syp8startIICEv
                0x000000000800d1bc       0x2c build_ak-base-kit-stm32l151-application/Adafruit_ssd1306syp.o
                0x000000000800d1bc                Adafruit_ssd1306syp::startIIC()
 .text._ZN19Adafruit_ssd1306syp7stopIICEv
                0x000000000800d1e8       0x2c build_ak-base-kit-stm32l151-application/Adafruit_ssd1306syp.o
                0x000000000800d1e8                Adafruit_ssd1306syp::stopIIC()
 .text._ZN19Adafruit_ssd1306syp12writeCommandEh
                0x000000000800d214       0x2c build_ak-base-kit-stm32l151-application/Adafruit_ssd1306syp.o
                0x000000000800d214                Adafruit_ssd1306syp::writeCommand(unsigned char)
 .text._ZN19Adafruit_ssd1306syp10initializeEv
                0x000000000800d240       0xf4 build_ak-base-kit-stm32l151-application/Adafruit_ssd1306syp.o
                0x000000000800d240                Adafruit_ssd1306syp::initialize()
 .text._ZN19Adafruit_ssd1306syp10display_onEv
                0x000000000800d334        0x6 build_ak-base-kit-stm32l151-application/Adafruit_ssd1306syp.o
                0x000000000800d334                Adafruit_ssd1306syp::display_on()
 .text._ZN19Adafruit_ssd1306syp11display_offEv
                0x000000000800d33a        0x6 build_ak-base-kit-stm32l151-application/Adafruit_ssd1306syp.o
                0x000000000800d33a                Adafruit_ssd1306syp::display_off()
 .text._ZN19Adafruit_ssd1306syp17startDataSequenceEv
                0x000000000800d340       0x1c build_ak-base-kit-stm32l151-application/Adafruit_ssd1306syp.o
                0x000000000800d340                Adafruit_ssd1306syp::startDataSequence()
 .text._ZN19Adafruit_ssd1306syp6updateEv
                0x000000000800d35c       0x70 build_ak-base-kit-stm32l151-application/Adafruit_ssd1306syp.o
                0x000000000800d35c                Adafruit_ssd1306syp::update()
 .text._ZN19Adafruit_ssd1306syp9updateRowEi
                0x000000000800d3cc       0x6c build_ak-base-kit-stm32l151-application/Adafruit_ssd1306syp.o
                0x000000000800d3cc                Adafruit_ssd1306syp::updateRow(int)
 .text.eeprom_read
                0x000000000800d438        0x4 build_ak-base-kit-stm32l151-application/eeprom.o
                0x000000000800d438                eeprom_read
 .text.eeprom_write
                0x000000000800d43c        0x4 build_ak-base-kit-stm32l151-application/eeprom.o
                0x000000000800d43c                eeprom_write
 .text.eeprom_erase
                0x000000000800d440        0x4 build_ak-base-kit-stm32l151-application/eeprom.o
                0x000000000800d440                eeprom_erase
 .text._ZL19link_hal_write_byteh
                0x000000000800d444        0x2 build_ak-base-kit-stm32l151-application/link_hal.o
 .text._ZL17link_hal_rev_byteh
                0x000000000800d446        0x4 build_ak-base-kit-stm32l151-application/link_hal.o
 *fill*         0x000000000800d44a        0x2 
 .text._Z23link_hal_reg_write_bytePFhhE
                0x000000000800d44c       0x28 build_ak-base-kit-stm32l151-application/link_hal.o
                0x000000000800d44c                link_hal_reg_write_byte(unsigned char (*)(unsigned char))
 .text._Z21link_hal_reg_rev_bytePFhhE
                0x000000000800d474       0x28 build_ak-base-kit-stm32l151-application/link_hal.o
                0x000000000800d474                link_hal_reg_rev_byte(unsigned char (*)(unsigned char))
 .text._ZL21fsm_link_state_handleP8ak_msg_t
                0x000000000800d49c      0x2b0 build_ak-base-kit-stm32l151-application/link.o
 .text._ZL19fsm_link_state_initP8ak_msg_t
                0x000000000800d74c       0x80 build_ak-base-kit-stm32l151-application/link.o
 .text._Z9task_linkP8ak_msg_t
                0x000000000800d7cc        0xc build_ak-base-kit-stm32l151-application/link.o
                0x000000000800d7cc                task_link(ak_msg_t*)
 .text._Z23link_init_state_machinev
                0x000000000800d7d8       0x2c build_ak-base-kit-stm32l151-application/link.o
                0x000000000800d7d8                link_init_state_machine()
 .text._ZL23link_mac_frame_send_reqv
                0x000000000800d804       0x3c build_ak-base-kit-stm32l151-application/link_mac.o
 .text._ZL23link_mac_frame_send_endv
                0x000000000800d840       0x34 build_ak-base-kit-stm32l151-application/link_mac.o
 .text._ZL28link_mac_frame_cals_checksumP16link_mac_frame_t.constprop.0
                0x000000000800d874       0x38 build_ak-base-kit-stm32l151-application/link_mac.o
 .text._Z25fsm_link_mac_state_handleP8ak_msg_t
                0x000000000800d8ac      0x2b8 build_ak-base-kit-stm32l151-application/link_mac.o
                0x000000000800d8ac                fsm_link_mac_state_handle(ak_msg_t*)
 .text._Z13task_link_macP8ak_msg_t
                0x000000000800db64        0xc build_ak-base-kit-stm32l151-application/link_mac.o
                0x000000000800db64                task_link_mac(ak_msg_t*)
 .text._Z23fsm_link_mac_state_initP8ak_msg_t
                0x000000000800db70       0x88 build_ak-base-kit-stm32l151-application/link_mac.o
                0x000000000800db70                fsm_link_mac_state_init(ak_msg_t*)
 .text._ZL26link_phy_frame_write_blockPhm
                0x000000000800dbf8       0x1c build_ak-base-kit-stm32l151-application/link_phy.o
 .text._ZL20link_phy_frame_writeP16link_phy_frame_t
                0x000000000800dc14       0x1c build_ak-base-kit-stm32l151-application/link_phy.o
 .text._ZL28link_phy_frame_cals_checksumP16link_phy_frame_t
                0x000000000800dc30       0x38 build_ak-base-kit-stm32l151-application/link_phy.o
 .text._ZL25link_phy_frame_write_byteh
                0x000000000800dc68        0xc build_ak-base-kit-stm32l151-application/link_phy.o
 .text._ZL26ac_link_phy_frame_rev_byteh
                0x000000000800dc74      0x100 build_ak-base-kit-stm32l151-application/link_phy.o
 .text._ZL19link_phy_frame_sendv
                0x000000000800dd74       0x2c build_ak-base-kit-stm32l151-application/link_phy.o
 .text._Z25fsm_link_phy_state_handleP8ak_msg_t
                0x000000000800dda0      0x1f0 build_ak-base-kit-stm32l151-application/link_phy.o
                0x000000000800dda0                fsm_link_phy_state_handle(ak_msg_t*)
 .text._Z13task_link_phyP8ak_msg_t
                0x000000000800df90        0xc build_ak-base-kit-stm32l151-application/link_phy.o
                0x000000000800df90                task_link_phy(ak_msg_t*)
 .text._Z23fsm_link_phy_state_initP8ak_msg_t
                0x000000000800df9c       0x90 build_ak-base-kit-stm32l151-application/link_phy.o
                0x000000000800df9c                fsm_link_phy_state_init(ak_msg_t*)
 .text._Z26link_phy_get_send_frame_tov
                0x000000000800e02c       0x10 build_ak-base-kit-stm32l151-application/link_phy.o
                0x000000000800e02c                link_phy_get_send_frame_to()
 .text._Z13link_pdu_initv
                0x000000000800e03c       0x54 build_ak-base-kit-stm32l151-application/link_data.o
                0x000000000800e03c                link_pdu_init()
 .text._Z15link_pdu_mallocv
                0x000000000800e090       0x24 build_ak-base-kit-stm32l151-application/link_data.o
                0x000000000800e090                link_pdu_malloc()
 .text._Z12link_pdu_getm
                0x000000000800e0b4       0x3c build_ak-base-kit-stm32l151-application/link_data.o
                0x000000000800e0b4                link_pdu_get(unsigned long)
 .text._Z13link_pdu_freem
                0x000000000800e0f0       0x4c build_ak-base-kit-stm32l151-application/link_data.o
                0x000000000800e0f0                link_pdu_free(unsigned long)
 .text._Z17link_get_src_addrv
                0x000000000800e13c       0x18 build_ak-base-kit-stm32l151-application/link_data.o
                0x000000000800e13c                link_get_src_addr()
 .text._Z17link_get_des_addrv
                0x000000000800e154       0x18 build_ak-base-kit-stm32l151-application/link_data.o
                0x000000000800e154                link_get_des_addr()
 .text._Z7pinModehh
                0x000000000800e16c       0x84 build_ak-base-kit-stm32l151-application/wiring_digital.o
                0x000000000800e16c                pinMode(unsigned char, unsigned char)
 .text._Z12digitalWritehh
                0x000000000800e1f0       0x78 build_ak-base-kit-stm32l151-application/wiring_digital.o
                0x000000000800e1f0                digitalWrite(unsigned char, unsigned char)
 .text._ZN5Print5writeEPKhj
                0x000000000800e268       0x22 build_ak-base-kit-stm32l151-application/Print.o
                0x000000000800e268                Print::write(unsigned char const*, unsigned int)
 .text._ZN5Print5writeEPKc
                0x000000000800e28a       0x20 build_ak-base-kit-stm32l151-application/Print.o
                0x000000000800e28a                Print::write(char const*)
 .text._ZN5Print5printEPKc
                0x000000000800e2aa        0x8 build_ak-base-kit-stm32l151-application/Print.o
                0x000000000800e2aa                Print::print(char const*)
 .text._ZN5Print5printEc
                0x000000000800e2b2        0x6 build_ak-base-kit-stm32l151-application/Print.o
                0x000000000800e2b2                Print::print(char)
 .text._ZN5Print11printNumberEmh
                0x000000000800e2b8       0x3a build_ak-base-kit-stm32l151-application/Print.o
                0x000000000800e2b8                Print::printNumber(unsigned long, unsigned char)
 .text._ZN5Print5printEli.part.0
                0x000000000800e2f2       0x28 build_ak-base-kit-stm32l151-application/Print.o
 .text._ZN5Print5printEli
                0x000000000800e31a       0x20 build_ak-base-kit-stm32l151-application/Print.o
                0x000000000800e31a                Print::print(long, int)
 .text._ZN5Print5printEii
                0x000000000800e33a        0x4 build_ak-base-kit-stm32l151-application/Print.o
                0x000000000800e33a                Print::print(int, int)
 .text._Z6randoml
                0x000000000800e33e       0x16 build_ak-base-kit-stm32l151-application/WMath.o
                0x000000000800e33e                random(long)
 .text._Z6randomll
                0x000000000800e354       0x14 build_ak-base-kit-stm32l151-application/WMath.o
                0x000000000800e354                random(long, long)
 .text._ZN14HardwareSerial9availableEv
                0x000000000800e368        0xa build_ak-base-kit-stm32l151-application/HardwareSerial.o
                0x000000000800e368                HardwareSerial::available()
 .text._ZN14HardwareSerial4peekEv
                0x000000000800e372       0x14 build_ak-base-kit-stm32l151-application/HardwareSerial.o
                0x000000000800e372                HardwareSerial::peek()
 .text._ZN14HardwareSerial4readEv
                0x000000000800e386       0x20 build_ak-base-kit-stm32l151-application/HardwareSerial.o
                0x000000000800e386                HardwareSerial::read()
 .text._ZN14HardwareSerial5flushEv
                0x000000000800e3a6        0x2 build_ak-base-kit-stm32l151-application/HardwareSerial.o
                0x000000000800e3a6                HardwareSerial::flush()
 .text._ZN14HardwareSerial17availableForWriteEv
                0x000000000800e3a8       0x26 build_ak-base-kit-stm32l151-application/HardwareSerial.o
                0x000000000800e3a8                HardwareSerial::availableForWrite()
 .text._ZN14HardwareSerial5writeEh
                0x000000000800e3ce       0x30 build_ak-base-kit-stm32l151-application/HardwareSerial.o
                0x000000000800e3ce                HardwareSerial::write(unsigned char)
 *fill*         0x000000000800e3fe        0x2 
 .text._ZL20serial2_trigger_putcv
                0x000000000800e400       0x10 build_ak-base-kit-stm32l151-application/HardwareSerial2.o
 .text.startup._GLOBAL__sub_I_Serial2