sources/app/screens/scr_archery_game.cpp:81:6:void ar_game_archery_display()	24	static
sources/app/screens/scr_archery_game.cpp:100:6:void ar_game_arrow_display()	40	static
sources/app/screens/scr_archery_game.cpp:113:6:void ar_game_meteoroid_display()	40	static
sources/app/screens/scr_archery_game.cpp:159:6:void ar_game_bang_display()	40	static
sources/app/screens/scr_archery_game.cpp:224:6:void ar_game_level_setup()	8	static
sources/app/screens/scr_archery_game.cpp:234:6:void ar_game_time_tick_setup()	0	static
sources/app/screens/scr_archery_game.cpp:241:6:void ar_game_save_score()	8	static
sources/app/screens/scr_archery_game.cpp:67:6:void ar_game_screen_display()	24	static
sources/app/screens/scr_archery_game.cpp:144:6:void ar_game_border_display()	32	static
sources/app/screens/scr_archery_game.cpp:207:6:void view_scr_archery_game()	8	static
sources/app/screens/scr_archery_game.cpp:219:6:void ar_game_screen_setup()	8	static
sources/app/screens/scr_archery_game.cpp:248:6:void scr_archery_game_handle(ak_msg_t*)	8	static
